Component: Arm Compiler for Embedded 6.24 Tool: armlink [5f371500]

==============================================================================

Section Cross References

    startup_stm32f405xx.o(RESET) refers to startup_stm32f405xx.o(STACK) for __initial_sp
    startup_stm32f405xx.o(RESET) refers to startup_stm32f405xx.o(.text) for Reset_Handler
    startup_stm32f405xx.o(RESET) refers to stm32f4xx_it.o(.text.NMI_Handler) for NMI_Handler
    startup_stm32f405xx.o(RESET) refers to stm32f4xx_it.o(.text.HardFault_Handler) for HardFault_Handler
    startup_stm32f405xx.o(RESET) refers to stm32f4xx_it.o(.text.MemManage_Handler) for MemManage_Handler
    startup_stm32f405xx.o(RESET) refers to stm32f4xx_it.o(.text.BusFault_Handler) for BusFault_Handler
    startup_stm32f405xx.o(RESET) refers to stm32f4xx_it.o(.text.UsageFault_Handler) for UsageFault_Handler
    startup_stm32f405xx.o(RESET) refers to stm32f4xx_it.o(.text.SVC_Handler) for SVC_Handler
    startup_stm32f405xx.o(RESET) refers to stm32f4xx_it.o(.text.DebugMon_Handler) for DebugMon_Handler
    startup_stm32f405xx.o(RESET) refers to stm32f4xx_it.o(.text.PendSV_Handler) for PendSV_Handler
    startup_stm32f405xx.o(RESET) refers to stm32f4xx_it.o(.text.SysTick_Handler) for SysTick_Handler
    startup_stm32f405xx.o(RESET) refers to stm32f4xx_it.o(.text.ADC_IRQHandler) for ADC_IRQHandler
    startup_stm32f405xx.o(RESET) refers to stm32f4xx_it.o(.text.EXTI9_5_IRQHandler) for EXTI9_5_IRQHandler
    startup_stm32f405xx.o(RESET) refers to stm32f4xx_it.o(.text.TIM1_BRK_TIM9_IRQHandler) for TIM1_BRK_TIM9_IRQHandler
    startup_stm32f405xx.o(RESET) refers to stm32f4xx_it.o(.text.TIM1_UP_TIM10_IRQHandler) for TIM1_UP_TIM10_IRQHandler
    startup_stm32f405xx.o(RESET) refers to stm32f4xx_it.o(.text.TIM1_TRG_COM_TIM11_IRQHandler) for TIM1_TRG_COM_TIM11_IRQHandler
    startup_stm32f405xx.o(RESET) refers to stm32f4xx_it.o(.text.TIM1_CC_IRQHandler) for TIM1_CC_IRQHandler
    startup_stm32f405xx.o(RESET) refers to stm32f4xx_it.o(.text.TIM2_IRQHandler) for TIM2_IRQHandler
    startup_stm32f405xx.o(RESET) refers to stm32f4xx_it.o(.text.SPI3_IRQHandler) for SPI3_IRQHandler
    startup_stm32f405xx.o(RESET) refers to stm32f4xx_it.o(.text.OTG_FS_IRQHandler) for OTG_FS_IRQHandler
    startup_stm32f405xx.o(.text) refers to system_stm32f4xx.o(.text.SystemInit) for SystemInit
    startup_stm32f405xx.o(.text) refers to entry.o(.ARM.Collect$$$$00000000) for __main
    main.o(.text.main) refers to stm32f4xx_hal.o(.text.HAL_Init) for HAL_Init
    main.o(.text.main) refers to main.o(.text.SystemClock_Config) for SystemClock_Config
    main.o(.text.main) refers to gpio.o(.text.MX_GPIO_Init) for MX_GPIO_Init
    main.o(.text.main) refers to spi.o(.text.MX_SPI3_Init) for MX_SPI3_Init
    main.o(.text.main) refers to tim.o(.text.MX_TIM1_Init) for MX_TIM1_Init
    main.o(.text.main) refers to usb_device.o(.text.MX_USB_DEVICE_Init) for MX_USB_DEVICE_Init
    main.o(.text.main) refers to tim.o(.text.MX_TIM2_Init) for MX_TIM2_Init
    main.o(.text.main) refers to adc.o(.text.MX_ADC1_Init) for MX_ADC1_Init
    main.o(.text.main) refers to drv8301.o(.text.DRV8301_Init) for DRV8301_Init
    main.o(.text.main) refers to pwm.o(.text.PWM_Init) for PWM_Init
    main.o(.text.main) refers to hall.o(.text.Hall_Init) for Hall_Init
    main.o(.text.main) refers to interrupt.o(.text.Pid_Control_Init) for Pid_Control_Init
    main.o(.text.main) refers to current.o(.text.Current_Sense_Start) for Current_Sense_Start
    main.o(.text.main) refers to tim.o(.bss.htim2) for htim2
    main.o(.text.main) refers to stm32f4xx_hal_tim.o(.text.HAL_TIM_Base_Start_IT) for HAL_TIM_Base_Start_IT
    main.o(.text.main) refers to interrupt.o(.bss..L_MergedGlobals) for target_speed
    main.o(.text.main) refers to foc.o(.bss..L_MergedGlobals) for Ua
    main.o(.text.main) refers to main.o(.bss.usb_buf) for usb_buf
    main.o(.text.main) refers to hall.o(.text.Get_PLL_Speed) for Get_PLL_Speed
    main.o(.text.main) refers to f2d.o(.text) for __aeabi_f2d
    main.o(.text.main) refers to printfa.o(i.__0snprintf) for __2snprintf
    main.o(.text.main) refers to usbd_cdc_if.o(.text.CDC_Transmit_FS) for CDC_Transmit_FS
    main.o(.ARM.exidx.text.main) refers to main.o(.text.main) for [Anonymous Symbol]
    main.o(.text.SystemClock_Config) refers to memseta.o(.text) for __aeabi_memclr4
    main.o(.text.SystemClock_Config) refers to stm32f4xx_hal_rcc.o(.text.HAL_RCC_OscConfig) for HAL_RCC_OscConfig
    main.o(.text.SystemClock_Config) refers to stm32f4xx_hal_rcc.o(.text.HAL_RCC_ClockConfig) for HAL_RCC_ClockConfig
    main.o(.ARM.exidx.text.SystemClock_Config) refers to main.o(.text.SystemClock_Config) for [Anonymous Symbol]
    main.o(.ARM.exidx.text.Error_Handler) refers to main.o(.text.Error_Handler) for [Anonymous Symbol]
    gpio.o(.text.MX_GPIO_Init) refers to stm32f4xx_hal_gpio.o(.text.HAL_GPIO_WritePin) for HAL_GPIO_WritePin
    gpio.o(.text.MX_GPIO_Init) refers to stm32f4xx_hal_gpio.o(.text.HAL_GPIO_Init) for HAL_GPIO_Init
[...]
    _main_stk                                0x08000189   Thumb Code     0  entry2.o(.ARM.Collect$$$$00000001)
    _main_scatterload                        0x0800018d   Thumb Code     0  entry5.o(.ARM.Collect$$$$00000004)
    __main_after_scatterload                 0x08000191   Thumb Code     0  entry5.o(.ARM.Collect$$$$00000004)
    _main_clock                              0x08000191   Thumb Code     0  entry7b.o(.ARM.Collect$$$$00000008)
    _main_cpp_init                           0x08000191   Thumb Code     0  entry8b.o(.ARM.Collect$$$$0000000A)
    _main_init                               0x08000191   Thumb Code     0  entry9a.o(.ARM.Collect$$$$0000000B)
    __rt_final_cpp                           0x08000199   Thumb Code     0  entry10a.o(.ARM.Collect$$$$0000000D)
    __rt_final_exit                          0x08000199   Thumb Code     0  entry11a.o(.ARM.Collect$$$$0000000F)
    Reset_Handler                            0x0800019d   Thumb Code     8  startup_stm32f405xx.o(.text)
    CAN1_RX0_IRQHandler                      0x080001b7   Thumb Code     0  startup_stm32f405xx.o(.text)
    CAN1_RX1_IRQHandler                      0x080001b7   Thumb Code     0  startup_stm32f405xx.o(.text)
    CAN1_SCE_IRQHandler                      0x080001b7   Thumb Code     0  startup_stm32f405xx.o(.text)
    CAN1_TX_IRQHandler                       0x080001b7   Thumb Code     0  startup_stm32f405xx.o(.text)
    CAN2_RX0_IRQHandler                      0x080001b7   Thumb Code     0  startup_stm32f405xx.o(.text)
    CAN2_RX1_IRQHandler                      0x080001b7   Thumb Code     0  startup_stm32f405xx.o(.text)
    CAN2_SCE_IRQHandler                      0x080001b7   Thumb Code     0  startup_stm32f405xx.o(.text)
    CAN2_TX_IRQHandler                       0x080001b7   Thumb Code     0  startup_stm32f405xx.o(.text)
    DMA1_Stream0_IRQHandler                  0x080001b7   Thumb Code     0  startup_stm32f405xx.o(.text)
    DMA1_Stream1_IRQHandler                  0x080001b7   Thumb Code     0  startup_stm32f405xx.o(.text)
    DMA1_Stream2_IRQHandler                  0x080001b7   Thumb Code     0  startup_stm32f405xx.o(.text)
    DMA1_Stream3_IRQHandler                  0x080001b7   Thumb Code     0  startup_stm32f405xx.o(.text)
    DMA1_Stream4_IRQHandler                  0x080001b7   Thumb Code     0  startup_stm32f405xx.o(.text)
    DMA1_Stream5_IRQHandler                  0x080001b7   Thumb Code     0  startup_stm32f405xx.o(.text)
    DMA1_Stream6_IRQHandler                  0x080001b7   Thumb Code     0  startup_stm32f405xx.o(.text)
    DMA1_Stream7_IRQHandler                  0x080001b7   Thumb Code     0  startup_stm32f405xx.o(.text)
    DMA2_Stream0_IRQHandler                  0x080001b7   Thumb Code     0  startup_stm32f405xx.o(.text)
    DMA2_Stream1_IRQHandler                  0x080001b7   Thumb Code     0  startup_stm32f405xx.o(.text)
    DMA2_Stream2_IRQHandler                  0x080001b7   Thumb Code     0  startup_stm32f405xx.o(.text)
    DMA2_Stream3_IRQHandler                  0x080001b7   Thumb Code     0  startup_stm32f405xx.o(.text)
    DMA2_Stream4_IRQHandler                  0x080001b7   Thumb Code     0  startup_stm32f405xx.o(.text)
    DMA2_Stream5_IRQHandler                  0x080001b7   Thumb Code     0  startup_stm32f405xx.o(.text)
    DMA2_Stream6_IRQHandler                  0x080001b7   Thumb Code     0  startup_stm32f405xx.o(.text)
    DMA2_Stream7_IRQHandler                  0x080001b7   Thumb Code     0  startup_stm32f405xx.o(.text)
    EXTI0_IRQHandler                         0x080001b7   Thumb Code     0  startup_stm32f405xx.o(.text)
    EXTI15_10_IRQHandler                     0x080001b7   Thumb Code     0  startup_stm32f405xx.o(.text)
    EXTI1_IRQHandler                         0x080001b7   Thumb Code     0  startup_stm32f405xx.o(.text)
    EXTI2_IRQHandler                         0x080001b7   Thumb Code     0  startup_stm32f405xx.o(.text)
    EXTI3_IRQHandler                         0x080001b7   Thumb Code     0  startup_stm32f405xx.o(.text)
    EXTI4_IRQHandler                         0x080001b7   Thumb Code     0  startup_stm32f405xx.o(.text)
    FLASH_IRQHandler                         0x080001b7   Thumb Code     0  startup_stm32f405xx.o(.text)
    FMC_IRQHandler                           0x080001b7   Thumb Code     0  startup_stm32f405xx.o(.text)
    FPU_IRQHandler                           0x080001b7   Thumb Code     0  startup_stm32f405xx.o(.text)
    HASH_RNG_IRQHandler                      0x080001b7   Thumb Code     0  startup_stm32f405xx.o(.text)
    I2C1_ER_IRQHandler                       0x080001b7   Thumb Code     0  startup_stm32f405xx.o(.text)
    I2C1_EV_IRQHandler                       0x080001b7   Thumb Code     0  startup_stm32f405xx.o(.text)
    I2C2_ER_IRQHandler                       0x080001b7   Thumb Code     0  startup_stm32f405xx.o(.text)
    I2C2_EV_IRQHandler                       0x080001b7   Thumb Code     0  startup_stm32f405xx.o(.text)
    I2C3_ER_IRQHandler                       0x080001b7   Thumb Code     0  startup_stm32f405xx.o(.text)
    I2C3_EV_IRQHandler                       0x080001b7   Thumb Code     0  startup_stm32f405xx.o(.text)
    OTG_FS_WKUP_IRQHandler                   0x080001b7   Thumb Code     0  startup_stm32f405xx.o(.text)
    OTG_HS_EP1_IN_IRQHandler                 0x080001b7   Thumb Code     0  startup_stm32f405xx.o(.text)
    OTG_HS_EP1_OUT_IRQHandler                0x080001b7   Thumb Code     0  startup_stm32f405xx.o(.text)
    OTG_HS_IRQHandler                        0x080001b7   Thumb Code     0  startup_stm32f405xx.o(.text)
    OTG_HS_WKUP_IRQHandler                   0x080001b7   Thumb Code     0  startup_stm32f405xx.o(.text)
    PVD_IRQHandler                           0x080001b7   Thumb Code     0  startup_stm32f405xx.o(.text)
    RCC_IRQHandler                           0x080001b7   Thumb Code     0  startup_stm32f405xx.o(.text)
    RTC_Alarm_IRQHandler                     0x080001b7   Thumb Code     0  startup_stm32f405xx.o(.text)
    RTC_WKUP_IRQHandler                      0x080001b7   Thumb Code     0  startup_stm32f405xx.o(.text)
    SDIO_IRQHandler                          0x080001b7   Thumb Code     0  startup_stm32f405xx.o(.text)
    SPI1_IRQHandler                          0x080001b7   Thumb Code     0  startup_stm32f405xx.o(.text)
    SPI2_IRQHandler                          0x080001b7   Thumb Code     0  startup_stm32f405xx.o(.text)
    TAMP_STAMP_IRQHandler                    0x080001b7   Thumb Code     0  startup_stm32f405xx.o(.text)
    TIM3_IRQHandler                          0x080001b7   Thumb Code     0  startup_stm32f405xx.o(.text)
    TIM4_IRQHandler                          0x080001b7   Thumb Code     0  startup_stm32f405xx.o(.text)
    TIM5_IRQHandler                          0x080001b7   Thumb Code     0  startup_stm32f405xx.o(.text)
    TIM6_DAC_IRQHandler                      0x080001b7   Thumb Code     0  startup_stm32f405xx.o(.text)
    TIM7_IRQHandler                          0x080001b7   Thumb Code     0  startup_stm32f405xx.o(.text)
    TIM8_BRK_TIM12_IRQHandler                0x080001b7   Thumb Code     0  startup_stm32f405xx.o(.text)
    TIM8_CC_IRQHandler                       0x080001b7   Thumb Code     0  startup_stm32f405xx.o(.text)
    TIM8_TRG_COM_TIM14_IRQHandler            0x080001b7   Thumb Code     0  startup_stm32f405xx.o(.text)
    TIM8_UP_TIM13_IRQHandler                 0x080001b7   Thumb Code     0  startup_stm32f405xx.o(.text)
    UART4_IRQHandler                         0x080001b7   Thumb Code     0  startup_stm32f405xx.o(.text)
    UART5_IRQHandler                         0x080001b7   Thumb Code     0  startup_stm32f405xx.o(.text)
    USART1_IRQHandler                        0x080001b7   Thumb Code     0  startup_stm32f405xx.o(.text)
    USART2_IRQHandler                        0x080001b7   Thumb Code     0  startup_stm32f405xx.o(.text)
    USART3_IRQHandler                        0x080001b7   Thumb Code     0  startup_stm32f405xx.o(.text)
    USART6_IRQHandler                        0x080001b7   Thumb Code     0  startup_stm32f405xx.o(.text)
    WWDG_IRQHandler                          0x080001b7   Thumb Code     0  startup_stm32f405xx.o(.text)
    __aeabi_uldivmod                         0x080001c1   Thumb Code    98  uldiv.o(.text)
    __aeabi_memset                           0x08000223   Thumb Code    14  memseta.o(.text)
    __aeabi_memset4                          0x08000223   Thumb Code     0  memseta.o(.text)
    __aeabi_memset8                          0x08000223   Thumb Code     0  memseta.o(.text)
    __aeabi_memclr                           0x08000231   Thumb Code     4  memseta.o(.text)
    __aeabi_memclr4                          0x08000231   Thumb Code     0  memseta.o(.text)
    __aeabi_memclr8                          0x08000231   Thumb Code     0  memseta.o(.text)
    _memset$wrapper                          0x08000235   Thumb Code    18  memseta.o(.text)
    __aeabi_f2d                              0x08000247   Thumb Code    38  f2d.o(.text)
    __aeabi_uidiv                            0x0800026d   Thumb Code     0  uidiv.o(.text)
    __aeabi_uidivmod                         0x0800026d   Thumb Code    44  uidiv.o(.text)
    __aeabi_llsl                             0x08000299   Thumb Code    30  llshl.o(.text)
    _ll_shift_l                              0x08000299   Thumb Code     0  llshl.o(.text)
    __aeabi_llsr                             0x080002b7   Thumb Code    32  llushr.o(.text)
    _ll_ushift_r                             0x080002b7   Thumb Code     0  llushr.o(.text)
    __I$use$fp                               0x080002d7   Thumb Code     0  iusefp.o(.text)
    _frem                                    0x080002d7   Thumb Code    82  frem.o(.text)
    __aeabi_dadd                             0x08000329   Thumb Code   322  dadd.o(.text)
    __aeabi_dsub                             0x0800046b   Thumb Code     6  dadd.o(.text)
    __aeabi_drsub                            0x08000471   Thumb Code     6  dadd.o(.text)
    __aeabi_dmul                             0x08000477   Thumb Code   228  dmul.o(.text)
    __aeabi_ddiv                             0x0800055b   Thumb Code   222  ddiv.o(.text)
    __aeabi_d2ulz                            0x08000639   Thumb Code    48  dfixul.o(.text)
    __aeabi_cdrcmple                         0x08000669   Thumb Code    48  cdrcmple.o(.text)
    __scatterload                            0x08000699   Thumb Code    38  init.o(.text)
    __scatterload_rt2                        0x08000699   Thumb Code     0  init.o(.text)
    __aeabi_lasr                             0x080006c9   Thumb Code    36  llsshr.o(.text)
    _ll_sshift_r                             0x080006c9   Thumb Code     0  llsshr.o(.text)
    _float_round                             0x080006ed   Thumb Code    18  fepilogue.o(.text)
    _float_epilogue                          0x080006ff   Thumb Code    92  fepilogue.o(.text)
    _double_round                            0x0800075b   Thumb Code    30  depilogue.o(.text)
    _double_epilogue                         0x08000779   Thumb Code   156  depilogue.o(.text)
    ADC_IRQHandler                           0x08000815   Thumb Code    26  stm32f4xx_it.o(.text.ADC_IRQHandler)
    BusFault_Handler                         0x08000831   Thumb Code     2  stm32f4xx_it.o(.text.BusFault_Handler)
    CDC_Transmit_FS                          0x08000889   Thumb Code    68  usbd_cdc_if.o(.text.CDC_Transmit_FS)
    Clark                                    0x080008cd   Thumb Code    36  foc.o(.text.Clark)
    Current_Adc_To_Ampere                    0x080008f5   Thumb Code    64  current.o(.text.Current_Adc_To_Ampere)
    Current_Offset_Update                    0x08000941   Thumb Code   128  current.o(.text.Current_Offset_Update)
    Current_Sense_Start                      0x080009c5   Thumb Code    70  current.o(.text.Current_Sense_Start)
    DRV8301_Init                             0x08000a0d   Thumb Code    16  drv8301.o(.text.DRV8301_Init)
    DebugMon_Handler                         0x08000a1d   Thumb Code     2  stm32f4xx_it.o(.text.DebugMon_Handler)
    EXTI9_5_IRQHandler                       0x08000a21   Thumb Code    26  stm32f4xx_it.o(.text.EXTI9_5_IRQHandler)
    Error_Handler                            0x08000a3d   Thumb Code     6  main.o(.text.Error_Handler)
    Get_Hall_Electrical_Angle                0x08000a45   Thumb Code    14  hall.o(.text.Get_Hall_Electrical_Angle)
    Get_PLL_Speed                            0x08000a55   Thumb Code     4  hall.o(.text.Get_PLL_Speed)
    HAL_ADCEx_InjectedConfigChannel          0x08000a59   Thumb Code   344  stm32f4xx_hal_adc_ex.o(.text.HAL_ADCEx_InjectedConfigChannel)
    HAL_ADCEx_InjectedConvCpltCallback       0x08000bb1   Thumb Code   310  interrupt.o(.text.HAL_ADCEx_InjectedConvCpltCallback)
    HAL_ADCEx_InjectedGetValue               0x08000ce9   Thumb Code    34  stm32f4xx_hal_adc_ex.o(.text.HAL_ADCEx_InjectedGetValue)
    HAL_ADCEx_InjectedStart_IT               0x08000d0d   Thumb Code   286  stm32f4xx_hal_adc_ex.o(.text.HAL_ADCEx_InjectedStart_IT)
    HAL_ADC_ConfigChannel                    0x08000e2d   Thumb Code   316  stm32f4xx_hal_adc.o(.text.HAL_ADC_ConfigChannel)
    HAL_ADC_ConvCpltCallback                 0x08000f69   Thumb Code     2  stm32f4xx_hal_adc.o(.text.HAL_ADC_ConvCpltCallback)
    HAL_ADC_ErrorCallback                    0x08000f6d   Thumb Code     2  stm32f4xx_hal_adc.o(.text.HAL_ADC_ErrorCallback)
    HAL_ADC_IRQHandler                       0x08000f71   Thumb Code   310  stm32f4xx_hal_adc.o(.text.HAL_ADC_IRQHandler)
    HAL_ADC_Init                             0x080010a9   Thumb Code   348  stm32f4xx_hal_adc.o(.text.HAL_ADC_Init)
    HAL_ADC_LevelOutOfWindowCallback         0x08001205   Thumb Code     2  stm32f4xx_hal_adc.o(.text.HAL_ADC_LevelOutOfWindowCallback)
    HAL_ADC_MspInit                          0x08001209   Thumb Code   124  adc.o(.text.HAL_ADC_MspInit)
    HAL_DMA_Abort_IT                         0x08001285   Thumb Code    36  stm32f4xx_hal_dma.o(.text.HAL_DMA_Abort_IT)
    HAL_Delay                                0x080012a9   Thumb Code    40  stm32f4xx_hal.o(.text.HAL_Delay)
    HAL_GPIO_EXTI_Callback                   0x080012d1   Thumb Code     2  stm32f4xx_hal_gpio.o(.text.HAL_GPIO_EXTI_Callback)
    HAL_GPIO_EXTI_IRQHandler                 0x080012d5   Thumb Code    22  stm32f4xx_hal_gpio.o(.text.HAL_GPIO_EXTI_IRQHandler)
    HAL_GPIO_Init                            0x080012ed   Thumb Code   414  stm32f4xx_hal_gpio.o(.text.HAL_GPIO_Init)
    HAL_GPIO_ReadPin                         0x0800148d   Thumb Code    10  stm32f4xx_hal_gpio.o(.text.HAL_GPIO_ReadPin)
    HAL_GPIO_WritePin                        0x08001499   Thumb Code    10  stm32f4xx_hal_gpio.o(.text.HAL_GPIO_WritePin)
    HAL_GetTick                              0x080014a5   Thumb Code    12  stm32f4xx_hal.o(.text.HAL_GetTick)
    HAL_IncTick                              0x080014b1   Thumb Code    26  stm32f4xx_hal.o(.text.HAL_IncTick)
    HAL_Init                                 0x080014cd   Thumb Code    54  stm32f4xx_hal.o(.text.HAL_Init)
    HAL_InitTick                             0x08001505   Thumb Code    72  stm32f4xx_hal.o(.text.HAL_InitTick)
    HAL_MspInit                              0x0800154d   Thumb Code    56  stm32f4xx_hal_msp.o(.text.HAL_MspInit)
    HAL_NVIC_EnableIRQ                       0x08001585   Thumb Code    34  stm32f4xx_hal_cortex.o(.text.HAL_NVIC_EnableIRQ)
    HAL_NVIC_SetPriority                     0x080015a9   Thumb Code    86  stm32f4xx_hal_cortex.o(.text.HAL_NVIC_SetPriority)
    HAL_NVIC_SetPriorityGrouping             0x08001601   Thumb Code    32  stm32f4xx_hal_cortex.o(.text.HAL_NVIC_SetPriorityGrouping)
    HAL_PCDEx_LPM_Callback                   0x08001621   Thumb Code     2  stm32f4xx_hal_pcd_ex.o(.text.HAL_PCDEx_LPM_Callback)
    HAL_PCDEx_SetRxFiFo                      0x08001625   Thumb Code     8  stm32f4xx_hal_pcd_ex.o(.text.HAL_PCDEx_SetRxFiFo)
    HAL_PCDEx_SetTxFiFo                      0x0800162d   Thumb Code   206  stm32f4xx_hal_pcd_ex.o(.text.HAL_PCDEx_SetTxFiFo)
    HAL_PCD_ConnectCallback                  0x080016fd   Thumb Code     8  usbd_conf.o(.text.HAL_PCD_ConnectCallback)
    HAL_PCD_DataInStageCallback              0x08001705   Thumb Code    20  usbd_conf.o(.text.HAL_PCD_DataInStageCallback)
    HAL_PCD_DataOutStageCallback             0x08001719   Thumb Code    22  usbd_conf.o(.text.HAL_PCD_DataOutStageCallback)
    HAL_PCD_DisconnectCallback               0x08001731   Thumb Code     8  usbd_conf.o(.text.HAL_PCD_DisconnectCallback)
    HAL_PCD_EP_Close                         0x08001739   Thumb Code    80  stm32f4xx_hal_pcd.o(.text.HAL_PCD_EP_Close)
    HAL_PCD_EP_ClrStall                      0x08001789   Thumb Code    94  stm32f4xx_hal_pcd.o(.text.HAL_PCD_EP_ClrStall)
    HAL_PCD_EP_GetRxCount                    0x080017e9   Thumb Code    18  stm32f4xx_hal_pcd.o(.text.HAL_PCD_EP_GetRxCount)
    HAL_PCD_EP_Open                          0x080017fd   Thumb Code   116  stm32f4xx_hal_pcd.o(.text.HAL_PCD_EP_Open)
    HAL_PCD_EP_Receive                       0x08001871   Thumb Code    66  stm32f4xx_hal_pcd.o(.text.HAL_PCD_EP_Receive)
    HAL_PCD_EP_SetStall                      0x080018b5   Thumb Code   110  stm32f4xx_hal_pcd.o(.text.HAL_PCD_EP_SetStall)
    HAL_PCD_EP_Transmit                      0x08001925   Thumb Code    58  stm32f4xx_hal_pcd.o(.text.HAL_PCD_EP_Transmit)
    HAL_PCD_IRQHandler                       0x08001961   Thumb Code  2302  stm32f4xx_hal_pcd.o(.text.HAL_PCD_IRQHandler)
    HAL_PCD_ISOINIncompleteCallback          0x08002261   Thumb Code     8  usbd_conf.o(.text.HAL_PCD_ISOINIncompleteCallback)
    HAL_PCD_ISOOUTIncompleteCallback         0x08002269   Thumb Code     8  usbd_conf.o(.text.HAL_PCD_ISOOUTIncompleteCallback)
    HAL_PCD_Init                             0x08002271   Thumb Code   622  stm32f4xx_hal_pcd.o(.text.HAL_PCD_Init)
    HAL_PCD_MspInit                          0x080024e1   Thumb Code   136  usbd_conf.o(.text.HAL_PCD_MspInit)
    HAL_PCD_ResetCallback                    0x08002569   Thumb Code    42  usbd_conf.o(.text.HAL_PCD_ResetCallback)
    HAL_PCD_ResumeCallback                   0x08002595   Thumb Code     8  usbd_conf.o(.text.HAL_PCD_ResumeCallback)
    HAL_PCD_SOFCallback                      0x0800259d   Thumb Code     8  usbd_conf.o(.text.HAL_PCD_SOFCallback)
    HAL_PCD_SetAddress                       0x080025a5   Thumb Code    40  stm32f4xx_hal_pcd.o(.text.HAL_PCD_SetAddress)
    HAL_PCD_SetupStageCallback               0x080025cd   Thumb Code    14  usbd_conf.o(.text.HAL_PCD_SetupStageCallback)
    HAL_PCD_Start                            0x080025dd   Thumb Code    62  stm32f4xx_hal_pcd.o(.text.HAL_PCD_Start)
    HAL_PCD_SuspendCallback                  0x0800261d   Thumb Code    52  usbd_conf.o(.text.HAL_PCD_SuspendCallback)
    HAL_RCC_ClockConfig                      0x08002651   Thumb Code   356  stm32f4xx_hal_rcc.o(.text.HAL_RCC_ClockConfig)
    HAL_RCC_GetHCLKFreq                      0x080027b5   Thumb Code    12  stm32f4xx_hal_rcc.o(.text.HAL_RCC_GetHCLKFreq)
    HAL_RCC_GetSysClockFreq                  0x080027c1   Thumb Code   112  stm32f4xx_hal_rcc.o(.text.HAL_RCC_GetSysClockFreq)
    HAL_RCC_OscConfig                        0x08002831   Thumb Code   940  stm32f4xx_hal_rcc.o(.text.HAL_RCC_OscConfig)
    HAL_SPI_ErrorCallback                    0x08002bdd   Thumb Code     2  stm32f4xx_hal_spi.o(.text.HAL_SPI_ErrorCallback)
    HAL_SPI_IRQHandler                       0x08002be1   Thumb Code   302  stm32f4xx_hal_spi.o(.text.HAL_SPI_IRQHandler)
    HAL_SPI_Init                             0x08002d11   Thumb Code   176  stm32f4xx_hal_spi.o(.text.HAL_SPI_Init)
    HAL_SPI_MspInit                          0x08002dc1   Thumb Code   134  spi.o(.text.HAL_SPI_MspInit)
    HAL_SYSTICK_Config                       0x08002e49   Thumb Code    44  stm32f4xx_hal_cortex.o(.text.HAL_SYSTICK_Config)
    HAL_TIMEx_BreakCallback                  0x08002e75   Thumb Code     2  stm32f4xx_hal_tim_ex.o(.text.HAL_TIMEx_BreakCallback)
    HAL_TIMEx_CommutCallback                 0x08002e79   Thumb Code     2  stm32f4xx_hal_tim_ex.o(.text.HAL_TIMEx_CommutCallback)
    HAL_TIMEx_ConfigBreakDeadTime            0x08002e7d   Thumb Code    76  stm32f4xx_hal_tim_ex.o(.text.HAL_TIMEx_ConfigBreakDeadTime)
    HAL_TIMEx_MasterConfigSynchronization    0x08002ec9   Thumb Code   186  stm32f4xx_hal_tim_ex.o(.text.HAL_TIMEx_MasterConfigSynchronization)
    HAL_TIMEx_PWMN_Start                     0x08002f85   Thumb Code   254  stm32f4xx_hal_tim_ex.o(.text.HAL_TIMEx_PWMN_Start)
    HAL_TIM_Base_Init                        0x08003085   Thumb Code    90  stm32f4xx_hal_tim.o(.text.HAL_TIM_Base_Init)
    HAL_TIM_Base_MspInit                     0x080030e1   Thumb Code   164  tim.o(.text.HAL_TIM_Base_MspInit)
    HAL_TIM_Base_Start_IT                    0x08003185   Thumb Code   170  stm32f4xx_hal_tim.o(.text.HAL_TIM_Base_Start_IT)
    HAL_TIM_ConfigClockSource                0x08003231   Thumb Code   416  stm32f4xx_hal_tim.o(.text.HAL_TIM_ConfigClockSource)
    HAL_TIM_IC_CaptureCallback               0x080033d1   Thumb Code     2  stm32f4xx_hal_tim.o(.text.HAL_TIM_IC_CaptureCallback)
    HAL_TIM_IRQHandler                       0x080033d5   Thumb Code   334  stm32f4xx_hal_tim.o(.text.HAL_TIM_IRQHandler)
    HAL_TIM_OC_ConfigChannel                 0x08003525   Thumb Code   436  stm32f4xx_hal_tim.o(.text.HAL_TIM_OC_ConfigChannel)
    HAL_TIM_OC_DelayElapsedCallback          0x080036d9   Thumb Code     2  stm32f4xx_hal_tim.o(.text.HAL_TIM_OC_DelayElapsedCallback)
    HAL_TIM_OC_Init                          0x080036dd   Thumb Code    90  stm32f4xx_hal_tim.o(.text.HAL_TIM_OC_Init)
    HAL_TIM_OC_MspInit                       0x08003739   Thumb Code     2  stm32f4xx_hal_tim.o(.text.HAL_TIM_OC_MspInit)
    HAL_TIM_OC_Start_IT                      0x0800373d   Thumb Code   330  stm32f4xx_hal_tim.o(.text.HAL_TIM_OC_Start_IT)
    HAL_TIM_PWM_ConfigChannel                0x08003889   Thumb Code   544  stm32f4xx_hal_tim.o(.text.HAL_TIM_PWM_ConfigChannel)
    HAL_TIM_PWM_Init                         0x08003aa9   Thumb Code    90  stm32f4xx_hal_tim.o(.text.HAL_TIM_PWM_Init)
    HAL_TIM_PWM_MspInit                      0x08003b05   Thumb Code     2  stm32f4xx_hal_tim.o(.text.HAL_TIM_PWM_MspInit)
    HAL_TIM_PWM_PulseFinishedCallback        0x08003b09   Thumb Code     2  stm32f4xx_hal_tim.o(.text.HAL_TIM_PWM_PulseFinishedCallback)
    HAL_TIM_PWM_Start                        0x08003b0d   Thumb Code   270  stm32f4xx_hal_tim.o(.text.HAL_TIM_PWM_Start)
    HAL_TIM_PeriodElapsedCallback            0x08003c1d   Thumb Code   272  interrupt.o(.text.HAL_TIM_PeriodElapsedCallback)
    HAL_TIM_TriggerCallback                  0x08003d41   Thumb Code     2  stm32f4xx_hal_tim.o(.text.HAL_TIM_TriggerCallback)
    Hall_Init                                0x08003d45   Thumb Code   158  hall.o(.text.Hall_Init)
    Hall_Update                              0x08003de5   Thumb Code   384  hall.o(.text.Hall_Update)
    HardFault_Handler                        0x08003f89   Thumb Code     2  stm32f4xx_it.o(.text.HardFault_Handler)
    LPF_Init                                 0x08003f8d   Thumb Code     6  lowpass_filter.o(.text.LPF_Init)
    LPF_Update                               0x08003f95   Thumb Code    34  lowpass_filter.o(.text.LPF_Update)
    MX_ADC1_Init                             0x08003fb9   Thumb Code   238  adc.o(.text.MX_ADC1_Init)
    MX_GPIO_Init                             0x080040a9   Thumb Code   202  gpio.o(.text.MX_GPIO_Init)
    MX_SPI3_Init                             0x08004175   Thumb Code    78  spi.o(.text.MX_SPI3_Init)
    MX_TIM1_Init                             0x080041c5   Thumb Code   496  tim.o(.text.MX_TIM1_Init)
    MX_TIM2_Init                             0x080043b5   Thumb Code   114  tim.o(.text.MX_TIM2_Init)
    MX_USB_DEVICE_Init                       0x08004429   Thumb Code   114  usb_device.o(.text.MX_USB_DEVICE_Init)
    MemManage_Handler                        0x0800449d   Thumb Code     2  stm32f4xx_it.o(.text.MemManage_Handler)
    NMI_Handler                              0x080044a1   Thumb Code     2  stm32f4xx_it.o(.text.NMI_Handler)
    OTG_FS_IRQHandler                        0x080044a5   Thumb Code    12  stm32f4xx_it.o(.text.OTG_FS_IRQHandler)
    PID_Compute                              0x080044b1   Thumb Code   148  pid.o(.text.PID_Compute)
    PID_Init                                 0x08004549   Thumb Code    12  pid.o(.text.PID_Init)
    PID_Reset                                0x08004555   Thumb Code     8  pid.o(.text.PID_Reset)
    PLL_Get_Electrical_Speed                 0x0800455d   Thumb Code    14  pll_observer.o(.text.PLL_Get_Electrical_Speed)
    PLL_Init                                 0x0800456d   Thumb Code   156  pll_observer.o(.text.PLL_Init)
    PLL_Update                               0x08004611   Thumb Code   400  pll_observer.o(.text.PLL_Update)
    PWM_Init                                 0x080047c1   Thumb Code    62  pwm.o(.text.PWM_Init)
    Park                                     0x08004801   Thumb Code    84  foc.o(.text.Park)
    PendSV_Handler                           0x08004855   Thumb Code     2  stm32f4xx_it.o(.text.PendSV_Handler)
    Pid_Control_Init                         0x08004859   Thumb Code   128  interrupt.o(.text.Pid_Control_Init)
    SPI3_IRQHandler                          0x080048e9   Thumb Code    12  stm32f4xx_it.o(.text.SPI3_IRQHandler)
    SVC_Handler                              0x08004901   Thumb Code     2  stm32f4xx_it.o(.text.SVC_Handler)
    SVPWM                                    0x08004905   Thumb Code   428  foc.o(.text.SVPWM)
    Set_PWM                                  0x08004abd   Thumb Code   188  pwm.o(.text.Set_PWM)
    Set_Phase_Voltage                        0x08004b81   Thumb Code   120  foc.o(.text.Set_Phase_Voltage)
    SysTick_Handler                          0x08004bfd   Thumb Code     4  stm32f4xx_it.o(.text.SysTick_Handler)
    SystemClock_Config                       0x08004c01   Thumb Code   172  main.o(.text.SystemClock_Config)
    SystemInit                               0x08004cad   Thumb Code    18  system_stm32f4xx.o(.text.SystemInit)
    TIM1_BRK_TIM9_IRQHandler                 0x08004cc1   Thumb Code    12  stm32f4xx_it.o(.text.TIM1_BRK_TIM9_IRQHandler)
    TIM1_CC_IRQHandler                       0x08004ccd   Thumb Code    40  stm32f4xx_it.o(.text.TIM1_CC_IRQHandler)
    TIM1_TRG_COM_TIM11_IRQHandler            0x08004cf5   Thumb Code    12  stm32f4xx_it.o(.text.TIM1_TRG_COM_TIM11_IRQHandler)
    TIM1_UP_TIM10_IRQHandler                 0x08004d01   Thumb Code    12  stm32f4xx_it.o(.text.TIM1_UP_TIM10_IRQHandler)
    TIM2_IRQHandler                          0x08004d0d   Thumb Code    12  stm32f4xx_it.o(.text.TIM2_IRQHandler)
    TIM_Base_SetConfig                       0x08004d19   Thumb Code   314  stm32f4xx_hal_tim.o(.text.TIM_Base_SetConfig)
    USBD_CDC_GetDeviceQualifierDescriptor    0x08004fa1   Thumb Code    16  usbd_cdc.o(.text.USBD_CDC_GetDeviceQualifierDescriptor)
    USBD_CDC_ReceivePacket                   0x08005179   Thumb Code    52  usbd_cdc.o(.text.USBD_CDC_ReceivePacket)
    USBD_CDC_RegisterInterface               0x080051ad   Thumb Code    24  usbd_cdc.o(.text.USBD_CDC_RegisterInterface)
    USBD_CDC_SetRxBuffer                     0x080051c5   Thumb Code    26  usbd_cdc.o(.text.USBD_CDC_SetRxBuffer)
    USBD_CDC_SetTxBuffer                     0x080051e1   Thumb Code    30  usbd_cdc.o(.text.USBD_CDC_SetTxBuffer)
    USBD_CDC_TransmitPacket                  0x080052e9   Thumb Code    68  usbd_cdc.o(.text.USBD_CDC_TransmitPacket)
    USBD_ClrClassConfig                      0x0800532d   Thumb Code    18  usbd_core.o(.text.USBD_ClrClassConfig)
    USBD_CoreFindEP                          0x08005341   Thumb Code     4  usbd_core.o(.text.USBD_CoreFindEP)
    USBD_CoreFindIF                          0x08005345   Thumb Code     4  usbd_core.o(.text.USBD_CoreFindIF)
    USBD_CtlContinueRx                       0x08005349   Thumb Code    16  usbd_ioreq.o(.text.USBD_CtlContinueRx)
    USBD_CtlContinueSendData                 0x08005359   Thumb Code    16  usbd_ioreq.o(.text.USBD_CtlContinueSendData)
    USBD_CtlError                            0x08005369   Thumb Code    22  usbd_ctlreq.o(.text.USBD_CtlError)
    USBD_CtlPrepareRx                        0x08005381   Thumb Code    30  usbd_ioreq.o(.text.USBD_CtlPrepareRx)
    USBD_CtlReceiveStatus                    0x080053a1   Thumb Code    22  usbd_ioreq.o(.text.USBD_CtlReceiveStatus)
    USBD_CtlSendData                         0x080053b9   Thumb Code    28  usbd_ioreq.o(.text.USBD_CtlSendData)
    USBD_CtlSendStatus                       0x080053d5   Thumb Code    22  usbd_ioreq.o(.text.USBD_CtlSendStatus)
    USBD_FS_ConfigStrDescriptor              0x080053ed   Thumb Code    24  usbd_desc.o(.text.USBD_FS_ConfigStrDescriptor)
    USBD_FS_DeviceDescriptor                 0x08005411   Thumb Code    14  usbd_desc.o(.text.USBD_FS_DeviceDescriptor)
    USBD_FS_InterfaceStrDescriptor           0x08005421   Thumb Code    24  usbd_desc.o(.text.USBD_FS_InterfaceStrDescriptor)
    USBD_FS_LangIDStrDescriptor              0x08005449   Thumb Code    14  usbd_desc.o(.text.USBD_FS_LangIDStrDescriptor)
    USBD_FS_ManufacturerStrDescriptor        0x08005459   Thumb Code    24  usbd_desc.o(.text.USBD_FS_ManufacturerStrDescriptor)
    USBD_FS_ProductStrDescriptor             0x08005485   Thumb Code    24  usbd_desc.o(.text.USBD_FS_ProductStrDescriptor)
    USBD_FS_SerialStrDescriptor              0x080054b5   Thumb Code   368  usbd_desc.o(.text.USBD_FS_SerialStrDescriptor)
    USBD_GetEpDesc                           0x08005625   Thumb Code   132  usbd_core.o(.text.USBD_GetEpDesc)
    USBD_GetString                           0x080056a9   Thumb Code   254  usbd_ctlreq.o(.text.USBD_GetString)
    USBD_Init                                0x080057a9   Thumb Code    42  usbd_core.o(.text.USBD_Init)
    USBD_LL_ClearStallEP                     0x080057d5   Thumb Code    34  usbd_conf.o(.text.USBD_LL_ClearStallEP)
    USBD_LL_CloseEP                          0x080057f9   Thumb Code    34  usbd_conf.o(.text.USBD_LL_CloseEP)
    USBD_LL_DataInStage                      0x0800581d   Thumb Code   186  usbd_core.o(.text.USBD_LL_DataInStage)
    USBD_LL_DataOutStage                     0x080058d9   Thumb Code   124  usbd_core.o(.text.USBD_LL_DataOutStage)
    USBD_LL_DevConnected                     0x08005955   Thumb Code     4  usbd_core.o(.text.USBD_LL_DevConnected)
    USBD_LL_DevDisconnected                  0x08005959   Thumb Code    34  usbd_core.o(.text.USBD_LL_DevDisconnected)
    USBD_LL_GetRxDataSize                    0x0800597d   Thumb Code     8  usbd_conf.o(.text.USBD_LL_GetRxDataSize)
    USBD_LL_Init                             0x08005985   Thumb Code   110  usbd_conf.o(.text.USBD_LL_Init)
    USBD_LL_IsStallEP                        0x080059f5   Thumb Code    42  usbd_conf.o(.text.USBD_LL_IsStallEP)
    USBD_LL_IsoINIncomplete                  0x08005a21   Thumb Code    44  usbd_core.o(.text.USBD_LL_IsoINIncomplete)
    USBD_LL_IsoOUTIncomplete                 0x08005a4d   Thumb Code    44  usbd_core.o(.text.USBD_LL_IsoOUTIncomplete)
    USBD_LL_OpenEP                           0x08005a79   Thumb Code    40  usbd_conf.o(.text.USBD_LL_OpenEP)
    USBD_LL_PrepareReceive                   0x08005aa1   Thumb Code    34  usbd_conf.o(.text.USBD_LL_PrepareReceive)
    USBD_LL_Reset                            0x08005ac5   Thumb Code    98  usbd_core.o(.text.USBD_LL_Reset)
    USBD_LL_Resume                           0x08005b29   Thumb Code    20  usbd_core.o(.text.USBD_LL_Resume)
    USBD_LL_SOF                              0x08005b3d   Thumb Code    30  usbd_core.o(.text.USBD_LL_SOF)
    USBD_LL_SetSpeed                         0x08005b5d   Thumb Code     8  usbd_core.o(.text.USBD_LL_SetSpeed)
    USBD_LL_SetUSBAddress                    0x08005b65   Thumb Code    34  usbd_conf.o(.text.USBD_LL_SetUSBAddress)
    USBD_LL_SetupStage                       0x08005b89   Thumb Code    98  usbd_core.o(.text.USBD_LL_SetupStage)
    USBD_LL_StallEP                          0x08005bed   Thumb Code    34  usbd_conf.o(.text.USBD_LL_StallEP)
    USBD_LL_Start                            0x08005c11   Thumb Code    34  usbd_conf.o(.text.USBD_LL_Start)
    USBD_LL_Suspend                          0x08005c35   Thumb Code    28  usbd_core.o(.text.USBD_LL_Suspend)
    USBD_LL_Transmit                         0x08005c51   Thumb Code    34  usbd_conf.o(.text.USBD_LL_Transmit)
    USBD_ParseSetupRequest                   0x08005c75   Thumb Code    22  usbd_ctlreq.o(.text.USBD_ParseSetupRequest)
    USBD_RegisterClass                       0x08005c8d   Thumb Code    66  usbd_core.o(.text.USBD_RegisterClass)
    USBD_SetClassConfig                      0x08005cd1   Thumb Code    16  usbd_core.o(.text.USBD_SetClassConfig)
    USBD_Start                               0x08005ce1   Thumb Code     4  usbd_core.o(.text.USBD_Start)
    USBD_StdDevReq                           0x08005ce5   Thumb Code   888  usbd_ctlreq.o(.text.USBD_StdDevReq)
    USBD_StdEPReq                            0x0800605d   Thumb Code   348  usbd_ctlreq.o(.text.USBD_StdEPReq)
    USBD_StdItfReq                           0x080061b9   Thumb Code   112  usbd_ctlreq.o(.text.USBD_StdItfReq)
    USBD_static_free                         0x08006229   Thumb Code     2  usbd_conf.o(.text.USBD_static_free)
    USBD_static_malloc                       0x0800622d   Thumb Code    10  usbd_conf.o(.text.USBD_static_malloc)
    USB_ActivateEndpoint                     0x08006239   Thumb Code   130  stm32f4xx_ll_usb.o(.text.USB_ActivateEndpoint)
    USB_ActivateSetup                        0x080062bd   Thumb Code    32  stm32f4xx_ll_usb.o(.text.USB_ActivateSetup)
    USB_CoreInit                             0x080062dd   Thumb Code   630  stm32f4xx_ll_usb.o(.text.USB_CoreInit)
    USB_DeactivateEndpoint                   0x08006555   Thumb Code   130  stm32f4xx_ll_usb.o(.text.USB_DeactivateEndpoint)
    USB_DevConnect                           0x080065d9   Thumb Code    30  stm32f4xx_ll_usb.o(.text.USB_DevConnect)
    USB_DevDisconnect                        0x080065f9   Thumb Code    30  stm32f4xx_ll_usb.o(.text.USB_DevDisconnect)
    USB_DevInit                              0x08006619   Thumb Code  1206  stm32f4xx_ll_usb.o(.text.USB_DevInit)
    USB_DisableGlobalInt                     0x08006ad1   Thumb Code    14  stm32f4xx_ll_usb.o(.text.USB_DisableGlobalInt)
    USB_EP0_OutStart                         0x08006ae1   Thumb Code    90  stm32f4xx_ll_usb.o(.text.USB_EP0_OutStart)
    USB_EPClearStall                         0x08006b3d   Thumb Code    82  stm32f4xx_ll_usb.o(.text.USB_EPClearStall)
    USB_EPSetStall                           0x08006b91   Thumb Code    62  stm32f4xx_ll_usb.o(.text.USB_EPSetStall)
    USB_EPStartXfer                          0x08006bd1   Thumb Code   570  stm32f4xx_ll_usb.o(.text.USB_EPStartXfer)
    USB_EPStopXfer                           0x08006e0d   Thumb Code   270  stm32f4xx_ll_usb.o(.text.USB_EPStopXfer)
    USB_EnableGlobalInt                      0x08006f1d   Thumb Code    14  stm32f4xx_ll_usb.o(.text.USB_EnableGlobalInt)
    USB_FlushTxFifo                          0x08006f2d   Thumb Code   190  stm32f4xx_ll_usb.o(.text.USB_FlushTxFifo)
    USB_GetDevSpeed                          0x08006fed   Thumb Code    26  stm32f4xx_ll_usb.o(.text.USB_GetDevSpeed)
    USB_GetMode                              0x08007009   Thumb Code     8  stm32f4xx_ll_usb.o(.text.USB_GetMode)
    USB_ReadDevAllInEpInterrupt              0x08007011   Thumb Code    14  stm32f4xx_ll_usb.o(.text.USB_ReadDevAllInEpInterrupt)
    USB_ReadDevAllOutEpInterrupt             0x08007021   Thumb Code    14  stm32f4xx_ll_usb.o(.text.USB_ReadDevAllOutEpInterrupt)
    USB_ReadDevInEPInterrupt                 0x08007031   Thumb Code    36  stm32f4xx_ll_usb.o(.text.USB_ReadDevInEPInterrupt)
    USB_ReadDevOutEPInterrupt                0x08007055   Thumb Code    16  stm32f4xx_ll_usb.o(.text.USB_ReadDevOutEPInterrupt)
    USB_ReadInterrupts                       0x08007065   Thumb Code     8  stm32f4xx_ll_usb.o(.text.USB_ReadInterrupts)
    USB_ReadPacket                           0x0800706d   Thumb Code   170  stm32f4xx_ll_usb.o(.text.USB_ReadPacket)
    USB_SetCurrentMode                       0x08007119   Thumb Code   872  stm32f4xx_ll_usb.o(.text.USB_SetCurrentMode)
    USB_SetDevAddress                        0x08007481   Thumb Code    34  stm32f4xx_ll_usb.o(.text.USB_SetDevAddress)
    USB_SetTurnaroundTime                    0x080074a5   Thumb Code   280  stm32f4xx_ll_usb.o(.text.USB_SetTurnaroundTime)
    USB_WritePacket                          0x080075bd   Thumb Code   106  stm32f4xx_ll_usb.o(.text.USB_WritePacket)
    UsageFault_Handler                       0x08007629   Thumb Code     2  stm32f4xx_it.o(.text.UsageFault_Handler)
    main                                     0x0800762d   Thumb Code   268  main.o(.text.main)
    __0snprintf                              0x08007765   Thumb Code    48  printfa.o(i.__0snprintf)
    __1snprintf                              0x08007765   Thumb Code     0  printfa.o(i.__0snprintf)
    __2snprintf                              0x08007765   Thumb Code     0  printfa.o(i.__0snprintf)
    __c89snprintf                            0x08007765   Thumb Code     0  printfa.o(i.__0snprintf)
    snprintf                                 0x08007765   Thumb Code     0  printfa.o(i.__0snprintf)
    __ARM_fpclassifyf                        0x08007799   Thumb Code    38  fpclassifyf.o(i.__ARM_fpclassifyf)
    __hardfp_cosf                            0x080077c1   Thumb Code   280  cosf.o(i.__hardfp_cosf)
    __hardfp_fmodf                           0x08007911   Thumb Code   176  fmodf.o(i.__hardfp_fmodf)
    __hardfp_sinf                            0x080079c1   Thumb Code   344  sinf.o(i.__hardfp_sinf)
    __mathlib_flt_infnan                     0x08007b51   Thumb Code     6  funder.o(i.__mathlib_flt_infnan)
    __mathlib_flt_invalid                    0x08007b59   Thumb Code    10  funder.o(i.__mathlib_flt_invalid)
    __mathlib_flt_underflow                  0x08007b69   Thumb Code    10  funder.o(i.__mathlib_flt_underflow)
    __mathlib_rredf2                         0x08007b79   Thumb Code   316  rredf.o(i.__mathlib_rredf2)
    __scatterload_copy                       0x08007ccd   Thumb Code    14  handlers.o(i.__scatterload_copy)
    __scatterload_null                       0x08007cdb   Thumb Code     2  handlers.o(i.__scatterload_null)
    __scatterload_zeroinit                   0x08007cdd   Thumb Code    14  handlers.o(i.__scatterload_zeroinit)
    __set_errno                              0x08007ced   Thumb Code     6  errno.o(i.__set_errno)
    AHBPrescTable                            0x080085e0   Data          16  system_stm32f4xx.o(.rodata.AHBPrescTable)
    Region$$Table$$Base                      0x08008640   Number         0  anon$$obj.o(Region$$Table)
    Region$$Table$$Limit                     0x08008660   Number         0  anon$$obj.o(Region$$Table)
    uwTickFreq                               0x20000004   Data           1  stm32f4xx_hal.o(.data..L_MergedGlobals)
    uwTickPrio                               0x20000008   Data           4  stm32f4xx_hal.o(.data..L_MergedGlobals)
    FS_Desc                                  0x20000018   Data          28  usbd_desc.o(.data.FS_Desc)
    SystemCoreClock                          0x20000034   Data           4  system_stm32f4xx.o(.data.SystemCoreClock)
    USBD_CDC                                 0x20000038   Data          56  usbd_cdc.o(.data.USBD_CDC)
    USBD_FS_DeviceDesc                       0x200000c0   Data          18  usbd_desc.o(.data.USBD_FS_DeviceDesc)
    USBD_Interface_fops_FS                   0x200000d4   Data          20  usbd_cdc_if.o(.data.USBD_Interface_fops_FS)
    USBD_LangIDDesc                          0x200000e8   Data           4  usbd_desc.o(.data.USBD_LangIDDesc)
    USBD_StringSerial                        0x200000ec   Data          26  usbd_desc.o(.data.USBD_StringSerial)
    Ua                                       0x2000010c   Data           4  foc.o(.bss..L_MergedGlobals)
    Ub                                       0x20000110   Data           4  foc.o(.bss..L_MergedGlobals)
    Uc                                       0x20000114   Data           4  foc.o(.bss..L_MergedGlobals)
    current_sample_ready                     0x20000158   Data           1  interrupt.o(.bss..L_MergedGlobals)
    current_adc_a                            0x2000015a   Data           2  interrupt.o(.bss..L_MergedGlobals)
    current_adc_b                            0x2000015c   Data           2  interrupt.o(.bss..L_MergedGlobals)
    current_adc_c                            0x2000015e   Data           2  interrupt.o(.bss..L_MergedGlobals)
    phase_current_a                          0x20000160   Data           4  interrupt.o(.bss..L_MergedGlobals)
    phase_current_b                          0x20000164   Data           4  interrupt.o(.bss..L_MergedGlobals)
    phase_current_c                          0x20000168   Data           4  interrupt.o(.bss..L_MergedGlobals)
    target_speed                             0x2000016c   Data           4  interrupt.o(.bss..L_MergedGlobals)
    uq_output                                0x20000170   Data           4  interrupt.o(.bss..L_MergedGlobals)
    iq_ref                                   0x20000174   Data           4  interrupt.o(.bss..L_MergedGlobals)
    id_ref                                   0x20000178   Data           4  interrupt.o(.bss..L_MergedGlobals)
    measured_id                              0x2000017c   Data           4  interrupt.o(.bss..L_MergedGlobals)
    measured_iq                              0x20000180   Data           4  interrupt.o(.bss..L_MergedGlobals)
    vd_output                                0x20000184   Data           4  interrupt.o(.bss..L_MergedGlobals)
    vq_output                                0x20000188   Data           4  interrupt.o(.bss..L_MergedGlobals)
    angle_el                                 0x20000194   Data           4  interrupt.o(.bss..L_MergedGlobals)
    dc_a                                     0x200001d0   Data           4  pwm.o(.bss..L_MergedGlobals)
    dc_b                                     0x200001d4   Data           4  pwm.o(.bss..L_MergedGlobals)
    dc_c                                     0x200001d8   Data           4  pwm.o(.bss..L_MergedGlobals)
    current_offset_calibrated                0x200001dc   Data           1  current.o(.bss..L_MergedGlobals.1)
    USBD_StrDesc                             0x200001f4   Data         512  usbd_desc.o(.bss.USBD_StrDesc)
    UserRxBufferFS                           0x20000614   Data        2048  usbd_cdc_if.o(.bss.UserRxBufferFS)
    UserTxBufferFS                           0x20000e14   Data        2048  usbd_cdc_if.o(.bss.UserTxBufferFS)
    hUsbDeviceFS                             0x20001614   Data         732  usb_device.o(.bss.hUsbDeviceFS)
    hadc1                                    0x200018f0   Data          72  adc.o(.bss.hadc1)
    hpcd_USB_OTG_FS                          0x20001938   Data        1252  usbd_conf.o(.bss.hpcd_USB_OTG_FS)
    hspi3                                    0x20001e1c   Data          88  spi.o(.bss.hspi3)
    htim1                                    0x20001e74   Data          72  tim.o(.bss.htim1)
    htim2                                    0x20001ebc   Data          72  tim.o(.bss.htim2)
    uwTick                                   0x20001f8c   Data           4  stm32f4xx_hal.o(.bss.uwTick)
    zero_electric_angle                      0x20001f90   Data           4  foc.o(.bss.zero_electric_angle)
    __initial_sp                             0x20002398   Data           0  startup_stm32f405xx.o(STACK)



==============================================================================

Memory Map of the image

  Image Entry point : 0x08000189

  Load Region LR_IROM1 (Base: 0x08000000, Size: 0x00008768, Max: 0x00100000, ABSOLUTE)

    Execution Region ER_IROM1 (Exec base: 0x08000000, Load base: 0x08000000, Size: 0x00008660, Max: 0x00100000, ABSOLUTE)

    Exec Addr    Load Addr    Size         Type   Attr      Idx    E Section Name        Object

    0x08000000   0x08000000   0x00000188   Data   RO            3    RESET               startup_stm32f405xx.o
    0x08000188   0x08000188   0x00000000   Code   RO         1703  * .ARM.Collect$$$$00000000  mc_w.l(entry.o)
    0x08000188   0x08000188   0x00000004   Code   RO         1992    .ARM.Collect$$$$00000001  mc_w.l(entry2.o)
    0x0800018c   0x0800018c   0x00000004   Code   RO         1995    .ARM.Collect$$$$00000004  mc_w.l(entry5.o)
    0x08000190   0x08000190   0x00000000   Code   RO         1997    .ARM.Collect$$$$00000008  mc_w.l(entry7b.o)
    0x08000190   0x08000190   0x00000000   Code   RO         1999    .ARM.Collect$$$$0000000A  mc_w.l(entry8b.o)
    0x08000190   0x08000190   0x00000008   Code   RO         2000    .ARM.Collect$$$$0000000B  mc_w.l(entry9a.o)
    0x08000198   0x08000198   0x00000000   Code   RO         2002    .ARM.Collect$$$$0000000D  mc_w.l(entry10a.o)
    0x08000198   0x08000198   0x00000000   Code   RO         2004    .ARM.Collect$$$$0000000F  mc_w.l(entry11a.o)
    0x08000198   0x08000198   0x00000004   Code   RO         1993    .ARM.Collect$$$$00002712  mc_w.l(entry2.o)
    0x0800019c   0x0800019c   0x00000024   Code   RO            4    .text               startup_stm32f405xx.o
    0x080001c0   0x080001c0   0x00000062   Code   RO         1706    .text               mc_w.l(uldiv.o)
    0x08000222   0x08000222   0x00000024   Code   RO         1708    .text               mc_w.l(memseta.o)
    0x08000246   0x08000246   0x00000026   Code   RO         1971    .text               mf_w.l(f2d.o)
    0x0800026c   0x0800026c   0x0000002c   Code   RO         2020    .text               mc_w.l(uidiv.o)
    0x08000298   0x08000298   0x0000001e   Code   RO         2022    .text               mc_w.l(llshl.o)
    0x080002b6   0x080002b6   0x00000020   Code   RO         2024    .text               mc_w.l(llushr.o)
    0x080002d6   0x080002d6   0x00000000   Code   RO         2033    .text               mc_w.l(iusefp.o)
    0x080002d6   0x080002d6   0x00000052   Code   RO         2034    .text               mf_w.l(frem.o)
    0x08000328   0x08000328   0x0000014e   Code   RO         2036    .text               mf_w.l(dadd.o)
    0x08000476   0x08000476   0x000000e4   Code   RO         2038    .text               mf_w.l(dmul.o)
    0x0800055a   0x0800055a   0x000000de   Code   RO         2040    .text               mf_w.l(ddiv.o)
    0x08000638   0x08000638   0x00000030   Code   RO         2042    .text               mf_w.l(dfixul.o)
    0x08000668   0x08000668   0x00000030   Code   RO         2044    .text               mf_w.l(cdrcmple.o)
    0x08000698   0x08000698   0x00000030   Code   RO         2046    .text               mc_w.l(init.o)
    0x080006c8   0x080006c8   0x00000024   Code   RO         2049    .text               mc_w.l(llsshr.o)
    0x080006ec   0x080006ec   0x0000006e   Code   RO         2052    .text               mf_w.l(fepilogue.o)
    0x0800075a   0x0800075a   0x000000ba   Code   RO         2054    .text               mf_w.l(depilogue.o)
    0x08000814   0x08000814   0x0000001a   Code   RO          104    .text.ADC_IRQHandler  stm32f4xx_it.o
    0x0800082e   0x0800082e   0x00000002   PAD
    0x08000830   0x08000830   0x00000002   Code   RO           92    .text.BusFault_Handler  stm32f4xx_it.o
    0x08000832   0x08000832   0x00000002   PAD
    0x08000834   0x08000834   0x00000004   Code   RO         1455    .text.CDC_Control_FS  usbd_cdc_if.o
    0x08000838   0x08000838   0x00000004   Code   RO         1453    .text.CDC_DeInit_FS  usbd_cdc_if.o
    0x0800083c   0x0800083c   0x0000002c   Code   RO         1451    .text.CDC_Init_FS   usbd_cdc_if.o
    0x08000868   0x08000868   0x0000001c   Code   RO         1457    .text.CDC_Receive_FS  usbd_cdc_if.o
    0x08000884   0x08000884   0x00000004   Code   RO         1459    .text.CDC_TransmitCplt_FS  usbd_cdc_if.o
    0x08000888   0x08000888   0x00000044   Code   RO         1461    .text.CDC_Transmit_FS  usbd_cdc_if.o
    0x080008cc   0x080008cc   0x00000028   Code   RO         1266    .text.Clark         foc.o
    0x080008f4   0x080008f4   0x0000004c   Code   RO         1399    .text.Current_Adc_To_Ampere  current.o
    0x08000940   0x08000940   0x00000084   Code   RO         1397    .text.Current_Offset_Update  current.o
    0x080009c4   0x080009c4   0x00000046   Code   RO         1393    .text.Current_Sense_Start  current.o
    0x08000a0a   0x08000a0a   0x00000002   PAD
    0x08000a0c   0x08000a0c   0x00000010   Code   RO         1331    .text.DRV8301_Init  drv8301.o
    0x08000a1c   0x08000a1c   0x00000002   Code   RO           98    .text.DebugMon_Handler  stm32f4xx_it.o
    0x08000a1e   0x08000a1e   0x00000002   PAD
    0x08000a20   0x08000a20   0x0000001a   Code   RO          106    .text.EXTI9_5_IRQHandler  stm32f4xx_it.o
    0x08000a3a   0x08000a3a   0x00000002   PAD
    0x08000a3c   0x08000a3c   0x00000006   Code   RO           15    .text.Error_Handler  main.o
    0x08000a42   0x08000a42   0x00000002   PAD
    0x08000a44   0x08000a44   0x0000000e   Code   RO         1348    .text.Get_Hall_Electrical_Angle  hall.o
    0x08000a52   0x08000a52   0x00000002   PAD
    0x08000a54   0x08000a54   0x00000004   Code   RO         1352    .text.Get_PLL_Speed  hall.o
    0x08000a58   0x08000a58   0x00000158   Code   RO          804    .text.HAL_ADCEx_InjectedConfigChannel  stm32f4xx_hal_adc_ex.o
    0x08000bb0   0x08000bb0   0x00000136   Code   RO         1366    .text.HAL_ADCEx_InjectedConvCpltCallback  interrupt.o
    0x08000ce6   0x08000ce6   0x00000002   PAD
    0x08000ce8   0x08000ce8   0x00000022   Code   RO          788    .text.HAL_ADCEx_InjectedGetValue  stm32f4xx_hal_adc_ex.o
    0x08000d0a   0x08000d0a   0x00000002   PAD
    0x08000d0c   0x08000d0c   0x0000011e   Code   RO          780    .text.HAL_ADCEx_InjectedStart_IT  stm32f4xx_hal_adc_ex.o
    0x08000e2a   0x08000e2a   0x00000002   PAD
    0x08000e2c   0x08000e2c   0x0000013c   Code   RO          762    .text.HAL_ADC_ConfigChannel  stm32f4xx_hal_adc.o
    0x08000f68   0x08000f68   0x00000002   Code   RO          742    .text.HAL_ADC_ConvCpltCallback  stm32f4xx_hal_adc.o
    0x08000f6a   0x08000f6a   0x00000002   PAD
    0x08000f6c   0x08000f6c   0x00000002   Code   RO          746    .text.HAL_ADC_ErrorCallback  stm32f4xx_hal_adc.o
    0x08000f6e   0x08000f6e   0x00000002   PAD
    0x08000f70   0x08000f70   0x00000136   Code   RO          740    .text.HAL_ADC_IRQHandler  stm32f4xx_hal_adc.o
    0x080010a6   0x080010a6   0x00000002   PAD
    0x080010a8   0x080010a8   0x0000015c   Code   RO          720    .text.HAL_ADC_Init  stm32f4xx_hal_adc.o
    0x08001204   0x08001204   0x00000002   Code   RO          744    .text.HAL_ADC_LevelOutOfWindowCallback  stm32f4xx_hal_adc.o
    0x08001206   0x08001206   0x00000002   PAD
    0x08001208   0x08001208   0x0000007c   Code   RO           38    .text.HAL_ADC_MspInit  adc.o
    0x08001284   0x08001284   0x00000024   Code   RO          493    .text.HAL_DMA_Abort_IT  stm32f4xx_hal_dma.o
    0x080012a8   0x080012a8   0x00000028   Code   RO          650    .text.HAL_Delay     stm32f4xx_hal.o
    0x080012d0   0x080012d0   0x00000002   Code   RO          459    .text.HAL_GPIO_EXTI_Callback  stm32f4xx_hal_gpio.o
    0x080012d2   0x080012d2   0x00000002   PAD
    0x080012d4   0x080012d4   0x00000016   Code   RO          457    .text.HAL_GPIO_EXTI_IRQHandler  stm32f4xx_hal_gpio.o
    0x080012ea   0x080012ea   0x00000002   PAD
    0x080012ec   0x080012ec   0x0000019e   Code   RO          445    .text.HAL_GPIO_Init  stm32f4xx_hal_gpio.o
    0x0800148a   0x0800148a   0x00000002   PAD
    0x0800148c   0x0800148c   0x0000000a   Code   RO          449    .text.HAL_GPIO_ReadPin  stm32f4xx_hal_gpio.o
    0x08001496   0x08001496   0x00000002   PAD
    0x08001498   0x08001498   0x0000000a   Code   RO          451    .text.HAL_GPIO_WritePin  stm32f4xx_hal_gpio.o
    0x080014a2   0x080014a2   0x00000002   PAD
    0x080014a4   0x080014a4   0x0000000c   Code   RO          642    .text.HAL_GetTick   stm32f4xx_hal.o
    0x080014b0   0x080014b0   0x0000001a   Code   RO          640    .text.HAL_IncTick   stm32f4xx_hal.o
    0x080014ca   0x080014ca   0x00000002   PAD
    0x080014cc   0x080014cc   0x00000036   Code   RO          630    .text.HAL_Init      stm32f4xx_hal.o
    0x08001502   0x08001502   0x00000002   PAD
    0x08001504   0x08001504   0x00000048   Code   RO          632    .text.HAL_InitTick  stm32f4xx_hal.o
    0x0800154c   0x0800154c   0x00000038   Code   RO          129    .text.HAL_MspInit   stm32f4xx_hal_msp.o
    0x08001584   0x08001584   0x00000022   Code   RO          582    .text.HAL_NVIC_EnableIRQ  stm32f4xx_hal_cortex.o
    0x080015a6   0x080015a6   0x00000002   PAD
    0x080015a8   0x080015a8   0x00000056   Code   RO          580    .text.HAL_NVIC_SetPriority  stm32f4xx_hal_cortex.o
    0x080015fe   0x080015fe   0x00000002   PAD
    0x08001600   0x08001600   0x00000020   Code   RO          578    .text.HAL_NVIC_SetPriorityGrouping  stm32f4xx_hal_cortex.o
    0x08001620   0x08001620   0x00000002   Code   RO          219    .text.HAL_PCDEx_LPM_Callback  stm32f4xx_hal_pcd_ex.o
    0x08001622   0x08001622   0x00000002   PAD
    0x08001624   0x08001624   0x00000008   Code   RO          217    .text.HAL_PCDEx_SetRxFiFo  stm32f4xx_hal_pcd_ex.o
    0x0800162c   0x0800162c   0x000000ce   Code   RO          215    .text.HAL_PCDEx_SetTxFiFo  stm32f4xx_hal_pcd_ex.o
    0x080016fa   0x080016fa   0x00000002   PAD
    0x080016fc   0x080016fc   0x00000008   Code   RO         1496    .text.HAL_PCD_ConnectCallback  usbd_conf.o
    0x08001704   0x08001704   0x00000014   Code   RO         1482    .text.HAL_PCD_DataInStageCallback  usbd_conf.o
    0x08001718   0x08001718   0x00000016   Code   RO         1480    .text.HAL_PCD_DataOutStageCallback  usbd_conf.o
    0x0800172e   0x0800172e   0x00000002   PAD
    0x08001730   0x08001730   0x00000008   Code   RO         1498    .text.HAL_PCD_DisconnectCallback  usbd_conf.o
    0x08001738   0x08001738   0x00000050   Code   RO          185    .text.HAL_PCD_EP_Close  stm32f4xx_hal_pcd.o
    0x08001788   0x08001788   0x0000005e   Code   RO          195    .text.HAL_PCD_EP_ClrStall  stm32f4xx_hal_pcd.o
    0x080017e6   0x080017e6   0x00000002   PAD
    0x080017e8   0x080017e8   0x00000012   Code   RO          189    .text.HAL_PCD_EP_GetRxCount  stm32f4xx_hal_pcd.o
    0x080017fa   0x080017fa   0x00000002   PAD
    0x080017fc   0x080017fc   0x00000074   Code   RO          183    .text.HAL_PCD_EP_Open  stm32f4xx_hal_pcd.o
    0x08001870   0x08001870   0x00000042   Code   RO          187    .text.HAL_PCD_EP_Receive  stm32f4xx_hal_pcd.o
    0x080018b2   0x080018b2   0x00000002   PAD
    0x080018b4   0x080018b4   0x0000006e   Code   RO          193    .text.HAL_PCD_EP_SetStall  stm32f4xx_hal_pcd.o
    0x08001922   0x08001922   0x00000002   PAD
    0x08001924   0x08001924   0x0000003a   Code   RO          191    .text.HAL_PCD_EP_Transmit  stm32f4xx_hal_pcd.o
    0x0800195e   0x0800195e   0x00000002   PAD
    0x08001960   0x08001960   0x000008fe   Code   RO          149    .text.HAL_PCD_IRQHandler  stm32f4xx_hal_pcd.o
    0x0800225e   0x0800225e   0x00000002   PAD
    0x08002260   0x08002260   0x00000008   Code   RO         1494    .text.HAL_PCD_ISOINIncompleteCallback  usbd_conf.o
    0x08002268   0x08002268   0x00000008   Code   RO         1492    .text.HAL_PCD_ISOOUTIncompleteCallback  usbd_conf.o
    0x08002270   0x08002270   0x0000026e   Code   RO          137    .text.HAL_PCD_Init  stm32f4xx_hal_pcd.o
    0x080024de   0x080024de   0x00000002   PAD
    0x080024e0   0x080024e0   0x00000088   Code   RO         1474    .text.HAL_PCD_MspInit  usbd_conf.o
    0x08002568   0x08002568   0x0000002a   Code   RO         1486    .text.HAL_PCD_ResetCallback  usbd_conf.o
    0x08002592   0x08002592   0x00000002   PAD
    0x08002594   0x08002594   0x00000008   Code   RO         1490    .text.HAL_PCD_ResumeCallback  usbd_conf.o
    0x0800259c   0x0800259c   0x00000008   Code   RO         1484    .text.HAL_PCD_SOFCallback  usbd_conf.o
    0x080025a4   0x080025a4   0x00000028   Code   RO          181    .text.HAL_PCD_SetAddress  stm32f4xx_hal_pcd.o
    0x080025cc   0x080025cc   0x0000000e   Code   RO         1478    .text.HAL_PCD_SetupStageCallback  usbd_conf.o
    0x080025da   0x080025da   0x00000002   PAD
    0x080025dc   0x080025dc   0x0000003e   Code   RO          145    .text.HAL_PCD_Start  stm32f4xx_hal_pcd.o
    0x0800261a   0x0800261a   0x00000002   PAD
    0x0800261c   0x0800261c   0x00000034   Code   RO         1488    .text.HAL_PCD_SuspendCallback  usbd_conf.o
    0x08002650   0x08002650   0x00000164   Code   RO          339    .text.HAL_RCC_ClockConfig  stm32f4xx_hal_rcc.o
    0x080027b4   0x080027b4   0x0000000c   Code   RO          349    .text.HAL_RCC_GetHCLKFreq  stm32f4xx_hal_rcc.o
    0x080027c0   0x080027c0   0x00000070   Code   RO          341    .text.HAL_RCC_GetSysClockFreq  stm32f4xx_hal_rcc.o
    0x08002830   0x08002830   0x000003ac   Code   RO          337    .text.HAL_RCC_OscConfig  stm32f4xx_hal_rcc.o
    0x08002bdc   0x08002bdc   0x00000002   Code   RO          896    .text.HAL_SPI_ErrorCallback  stm32f4xx_hal_spi.o
    0x08002bde   0x08002bde   0x00000002   PAD
    0x08002be0   0x08002be0   0x0000012e   Code   RO          892    .text.HAL_SPI_IRQHandler  stm32f4xx_hal_spi.o
    0x08002d0e   0x08002d0e   0x00000002   PAD
    0x08002d10   0x08002d10   0x000000b0   Code   RO          816    .text.HAL_SPI_Init  stm32f4xx_hal_spi.o
    0x08002dc0   0x08002dc0   0x00000086   Code   RO           53    .text.HAL_SPI_MspInit  spi.o
    0x08002e46   0x08002e46   0x00000002   PAD
    0x08002e48   0x08002e48   0x0000002c   Code   RO          590    .text.HAL_SYSTICK_Config  stm32f4xx_hal_cortex.o
    0x08002e74   0x08002e74   0x00000002   Code   RO         1235    .text.HAL_TIMEx_BreakCallback  stm32f4xx_hal_tim_ex.o
    0x08002e76   0x08002e76   0x00000002   PAD
    0x08002e78   0x08002e78   0x00000002   Code   RO         1231    .text.HAL_TIMEx_CommutCallback  stm32f4xx_hal_tim_ex.o
    0x08002e7a   0x08002e7a   0x00000002   PAD
    0x08002e7c   0x08002e7c   0x0000004c   Code   RO         1227    .text.HAL_TIMEx_ConfigBreakDeadTime  stm32f4xx_hal_tim_ex.o
    0x08002ec8   0x08002ec8   0x000000ba   Code   RO         1225    .text.HAL_TIMEx_MasterConfigSynchronization  stm32f4xx_hal_tim_ex.o
    0x08002f82   0x08002f82   0x00000002   PAD
    0x08002f84   0x08002f84   0x000000fe   Code   RO         1195    .text.HAL_TIMEx_PWMN_Start  stm32f4xx_hal_tim_ex.o
    0x08003082   0x08003082   0x00000002   PAD
    0x08003084   0x08003084   0x0000005a   Code   RO          930    .text.HAL_TIM_Base_Init  stm32f4xx_hal_tim.o
    0x080030de   0x080030de   0x00000002   PAD
    0x080030e0   0x080030e0   0x000000a4   Code   RO           72    .text.HAL_TIM_Base_MspInit  tim.o
    0x08003184   0x08003184   0x000000aa   Code   RO          944    .text.HAL_TIM_Base_Start_IT  stm32f4xx_hal_tim.o
    0x0800322e   0x0800322e   0x00000002   PAD
    0x08003230   0x08003230   0x000001a0   Code   RO         1110    .text.HAL_TIM_ConfigClockSource  stm32f4xx_hal_tim.o
    0x080033d0   0x080033d0   0x00000002   Code   RO         1066    .text.HAL_TIM_IC_CaptureCallback  stm32f4xx_hal_tim.o
    0x080033d2   0x080033d2   0x00000002   PAD
    0x080033d4   0x080033d4   0x0000014e   Code   RO         1064    .text.HAL_TIM_IRQHandler  stm32f4xx_hal_tim.o
    0x08003522   0x08003522   0x00000002   PAD
    0x08003524   0x08003524   0x000001b4   Code   RO         1076    .text.HAL_TIM_OC_ConfigChannel  stm32f4xx_hal_tim.o
    0x080036d8   0x080036d8   0x00000002   Code   RO         1068    .text.HAL_TIM_OC_DelayElapsedCallback  stm32f4xx_hal_tim.o
    0x080036da   0x080036da   0x00000002   PAD
    0x080036dc   0x080036dc   0x0000005a   Code   RO          958    .text.HAL_TIM_OC_Init  stm32f4xx_hal_tim.o
    0x08003736   0x08003736   0x00000002   PAD
    0x08003738   0x08003738   0x00000002   Code   RO          960    .text.HAL_TIM_OC_MspInit  stm32f4xx_hal_tim.o
    0x0800373a   0x0800373a   0x00000002   PAD
    0x0800373c   0x0800373c   0x0000014a   Code   RO          972    .text.HAL_TIM_OC_Start_IT  stm32f4xx_hal_tim.o
    0x08003886   0x08003886   0x00000002   PAD
    0x08003888   0x08003888   0x00000220   Code   RO         1084    .text.HAL_TIM_PWM_ConfigChannel  stm32f4xx_hal_tim.o
    0x08003aa8   0x08003aa8   0x0000005a   Code   RO          984    .text.HAL_TIM_PWM_Init  stm32f4xx_hal_tim.o
    0x08003b02   0x08003b02   0x00000002   PAD
    0x08003b04   0x08003b04   0x00000002   Code   RO          986    .text.HAL_TIM_PWM_MspInit  stm32f4xx_hal_tim.o
    0x08003b06   0x08003b06   0x00000002   PAD
    0x08003b08   0x08003b08   0x00000002   Code   RO         1070    .text.HAL_TIM_PWM_PulseFinishedCallback  stm32f4xx_hal_tim.o
    0x08003b0a   0x08003b0a   0x00000002   PAD
    0x08003b0c   0x08003b0c   0x0000010e   Code   RO          992    .text.HAL_TIM_PWM_Start  stm32f4xx_hal_tim.o
    0x08003c1a   0x08003c1a   0x00000002   PAD
    0x08003c1c   0x08003c1c   0x00000124   Code   RO         1368    .text.HAL_TIM_PeriodElapsedCallback  interrupt.o
    0x08003d40   0x08003d40   0x00000002   Code   RO         1074    .text.HAL_TIM_TriggerCallback  stm32f4xx_hal_tim.o
    0x08003d42   0x08003d42   0x00000002   PAD
    0x08003d44   0x08003d44   0x0000009e   Code   RO         1344    .text.Hall_Init     hall.o
    0x08003de2   0x08003de2   0x00000002   PAD
    0x08003de4   0x08003de4   0x000001a4   Code   RO         1346    .text.Hall_Update   hall.o
    0x08003f88   0x08003f88   0x00000002   Code   RO           88    .text.HardFault_Handler  stm32f4xx_it.o
    0x08003f8a   0x08003f8a   0x00000002   PAD
    0x08003f8c   0x08003f8c   0x00000006   Code   RO         1302    .text.LPF_Init      lowpass_filter.o
    0x08003f92   0x08003f92   0x00000002   PAD
    0x08003f94   0x08003f94   0x00000022   Code   RO         1304    .text.LPF_Update    lowpass_filter.o
    0x08003fb6   0x08003fb6   0x00000002   PAD
    0x08003fb8   0x08003fb8   0x000000ee   Code   RO           36    .text.MX_ADC1_Init  adc.o
    0x080040a6   0x080040a6   0x00000002   PAD
    0x080040a8   0x080040a8   0x000000ca   Code   RO           27    .text.MX_GPIO_Init  gpio.o
    0x08004172   0x08004172   0x00000002   PAD
    0x08004174   0x08004174   0x0000004e   Code   RO           51    .text.MX_SPI3_Init  spi.o
    0x080041c2   0x080041c2   0x00000002   PAD
    0x080041c4   0x080041c4   0x000001f0   Code   RO           66    .text.MX_TIM1_Init  tim.o
    0x080043b4   0x080043b4   0x00000072   Code   RO           70    .text.MX_TIM2_Init  tim.o
    0x08004426   0x08004426   0x00000002   PAD
    0x08004428   0x08004428   0x00000072   Code   RO         1415    .text.MX_USB_DEVICE_Init  usb_device.o
    0x0800449a   0x0800449a   0x00000002   PAD
    0x0800449c   0x0800449c   0x00000002   Code   RO           90    .text.MemManage_Handler  stm32f4xx_it.o
    0x0800449e   0x0800449e   0x00000002   PAD
    0x080044a0   0x080044a0   0x00000002   Code   RO           86    .text.NMI_Handler   stm32f4xx_it.o
    0x080044a2   0x080044a2   0x00000002   PAD
    0x080044a4   0x080044a4   0x0000000c   Code   RO          120    .text.OTG_FS_IRQHandler  stm32f4xx_it.o
    0x080044b0   0x080044b0   0x00000098   Code   RO         1290    .text.PID_Compute   pid.o
    0x08004548   0x08004548   0x0000000c   Code   RO         1288    .text.PID_Init      pid.o
    0x08004554   0x08004554   0x00000008   Code   RO         1292    .text.PID_Reset     pid.o
    0x0800455c   0x0800455c   0x0000000e   Code   RO         1318    .text.PLL_Get_Electrical_Speed  pll_observer.o
    0x0800456a   0x0800456a   0x00000002   PAD
    0x0800456c   0x0800456c   0x000000a4   Code   RO         1314    .text.PLL_Init      pll_observer.o
    0x08004610   0x08004610   0x000001b0   Code   RO         1316    .text.PLL_Update    pll_observer.o
    0x080047c0   0x080047c0   0x0000003e   Code   RO         1380    .text.PWM_Init      pwm.o
    0x080047fe   0x080047fe   0x00000002   PAD
    0x08004800   0x08004800   0x00000054   Code   RO         1268    .text.Park          foc.o
    0x08004854   0x08004854   0x00000002   Code   RO          100    .text.PendSV_Handler  stm32f4xx_it.o
    0x08004856   0x08004856   0x00000002   PAD
    0x08004858   0x08004858   0x00000090   Code   RO         1364    .text.Pid_Control_Init  interrupt.o
    0x080048e8   0x080048e8   0x0000000c   Code   RO          118    .text.SPI3_IRQHandler  stm32f4xx_it.o
    0x080048f4   0x080048f4   0x0000000c   Code   RO          894    .text.SPI_DMAAbortOnError  stm32f4xx_hal_spi.o
    0x08004900   0x08004900   0x00000002   Code   RO           96    .text.SVC_Handler   stm32f4xx_it.o
    0x08004902   0x08004902   0x00000002   PAD
    0x08004904   0x08004904   0x000001b8   Code   RO         1272    .text.SVPWM         foc.o
    0x08004abc   0x08004abc   0x000000c4   Code   RO         1382    .text.Set_PWM       pwm.o
    0x08004b80   0x08004b80   0x0000007c   Code   RO         1270    .text.Set_Phase_Voltage  foc.o
    0x08004bfc   0x08004bfc   0x00000004   Code   RO          102    .text.SysTick_Handler  stm32f4xx_it.o
    0x08004c00   0x08004c00   0x000000ac   Code   RO           13    .text.SystemClock_Config  main.o
    0x08004cac   0x08004cac   0x00000012   Code   RO         1249    .text.SystemInit    system_stm32f4xx.o
    0x08004cbe   0x08004cbe   0x00000002   PAD
    0x08004cc0   0x08004cc0   0x0000000c   Code   RO          108    .text.TIM1_BRK_TIM9_IRQHandler  stm32f4xx_it.o
    0x08004ccc   0x08004ccc   0x00000028   Code   RO          114    .text.TIM1_CC_IRQHandler  stm32f4xx_it.o
    0x08004cf4   0x08004cf4   0x0000000c   Code   RO          112    .text.TIM1_TRG_COM_TIM11_IRQHandler  stm32f4xx_it.o
    0x08004d00   0x08004d00   0x0000000c   Code   RO          110    .text.TIM1_UP_TIM10_IRQHandler  stm32f4xx_it.o
    0x08004d0c   0x08004d0c   0x0000000c   Code   RO          116    .text.TIM2_IRQHandler  stm32f4xx_it.o
    0x08004d18   0x08004d18   0x0000013a   Code   RO          934    .text.TIM_Base_SetConfig  stm32f4xx_hal_tim.o
    0x08004e52   0x08004e52   0x00000002   PAD
    0x08004e54   0x08004e54   0x00000078   Code   RO         1653    .text.USBD_CDC_DataIn  usbd_cdc.o
    0x08004ecc   0x08004ecc   0x0000003c   Code   RO         1655    .text.USBD_CDC_DataOut  usbd_cdc.o
    0x08004f08   0x08004f08   0x00000060   Code   RO         1647    .text.USBD_CDC_DeInit  usbd_cdc.o
    0x08004f68   0x08004f68   0x00000038   Code   RO         1651    .text.USBD_CDC_EP0_RxReady  usbd_cdc.o
    0x08004fa0   0x08004fa0   0x00000010   Code   RO         1663    .text.USBD_CDC_GetDeviceQualifierDescriptor  usbd_cdc.o
    0x08004fb0   0x08004fb0   0x00000052   Code   RO         1659    .text.USBD_CDC_GetFSCfgDesc  usbd_cdc.o
    0x08005002   0x08005002   0x00000002   PAD
    0x08005004   0x08005004   0x00000056   Code   RO         1657    .text.USBD_CDC_GetHSCfgDesc  usbd_cdc.o
    0x0800505a   0x0800505a   0x00000002   PAD
    0x0800505c   0x0800505c   0x00000052   Code   RO         1661    .text.USBD_CDC_GetOtherSpeedCfgDesc  usbd_cdc.o
    0x080050ae   0x080050ae   0x00000002   PAD
    0x080050b0   0x080050b0   0x000000c8   Code   RO         1645    .text.USBD_CDC_Init  usbd_cdc.o
    0x08005178   0x08005178   0x00000034   Code   RO         1673    .text.USBD_CDC_ReceivePacket  usbd_cdc.o
    0x080051ac   0x080051ac   0x00000018   Code   RO         1665    .text.USBD_CDC_RegisterInterface  usbd_cdc.o
    0x080051c4   0x080051c4   0x0000001a   Code   RO         1669    .text.USBD_CDC_SetRxBuffer  usbd_cdc.o
    0x080051de   0x080051de   0x00000002   PAD
    0x080051e0   0x080051e0   0x0000001e   Code   RO         1667    .text.USBD_CDC_SetTxBuffer  usbd_cdc.o
    0x080051fe   0x080051fe   0x00000002   PAD
    0x08005200   0x08005200   0x000000e8   Code   RO         1649    .text.USBD_CDC_Setup  usbd_cdc.o
    0x080052e8   0x080052e8   0x00000044   Code   RO         1671    .text.USBD_CDC_TransmitPacket  usbd_cdc.o
    0x0800532c   0x0800532c   0x00000012   Code   RO         1560    .text.USBD_ClrClassConfig  usbd_core.o
    0x0800533e   0x0800533e   0x00000002   PAD
    0x08005340   0x08005340   0x00000004   Code   RO         1568    .text.USBD_CoreFindEP  usbd_core.o
    0x08005344   0x08005344   0x00000004   Code   RO         1566    .text.USBD_CoreFindIF  usbd_core.o
    0x08005348   0x08005348   0x00000010   Code   RO         1629    .text.USBD_CtlContinueRx  usbd_ioreq.o
    0x08005358   0x08005358   0x00000010   Code   RO         1625    .text.USBD_CtlContinueSendData  usbd_ioreq.o
    0x08005368   0x08005368   0x00000016   Code   RO         1604    .text.USBD_CtlError  usbd_ctlreq.o
    0x0800537e   0x0800537e   0x00000002   PAD
    0x08005380   0x08005380   0x0000001e   Code   RO         1627    .text.USBD_CtlPrepareRx  usbd_ioreq.o
    0x0800539e   0x0800539e   0x00000002   PAD
    0x080053a0   0x080053a0   0x00000016   Code   RO         1633    .text.USBD_CtlReceiveStatus  usbd_ioreq.o
    0x080053b6   0x080053b6   0x00000002   PAD
    0x080053b8   0x080053b8   0x0000001c   Code   RO         1623    .text.USBD_CtlSendData  usbd_ioreq.o
    0x080053d4   0x080053d4   0x00000016   Code   RO         1631    .text.USBD_CtlSendStatus  usbd_ioreq.o
    0x080053ea   0x080053ea   0x00000002   PAD
    0x080053ec   0x080053ec   0x00000024   Code   RO         1434    .text.USBD_FS_ConfigStrDescriptor  usbd_desc.o
    0x08005410   0x08005410   0x0000000e   Code   RO         1424    .text.USBD_FS_DeviceDescriptor  usbd_desc.o
    0x0800541e   0x0800541e   0x00000002   PAD
    0x08005420   0x08005420   0x00000028   Code   RO         1436    .text.USBD_FS_InterfaceStrDescriptor  usbd_desc.o
    0x08005448   0x08005448   0x0000000e   Code   RO         1426    .text.USBD_FS_LangIDStrDescriptor  usbd_desc.o
    0x08005456   0x08005456   0x00000002   PAD
    0x08005458   0x08005458   0x0000002c   Code   RO         1428    .text.USBD_FS_ManufacturerStrDescriptor  usbd_desc.o
    0x08005484   0x08005484   0x00000030   Code   RO         1430    .text.USBD_FS_ProductStrDescriptor  usbd_desc.o
    0x080054b4   0x080054b4   0x00000170   Code   RO         1432    .text.USBD_FS_SerialStrDescriptor  usbd_desc.o
    0x08005624   0x08005624   0x00000084   Code   RO         1590    .text.USBD_GetEpDesc  usbd_core.o
    0x080056a8   0x080056a8   0x000000fe   Code   RO         1612    .text.USBD_GetString  usbd_ctlreq.o
    0x080057a6   0x080057a6   0x00000002   PAD
    0x080057a8   0x080057a8   0x0000002a   Code   RO         1546    .text.USBD_Init     usbd_core.o
    0x080057d2   0x080057d2   0x00000002   PAD
    0x080057d4   0x080057d4   0x00000022   Code   RO         1518    .text.USBD_LL_ClearStallEP  usbd_conf.o
    0x080057f6   0x080057f6   0x00000002   PAD
    0x080057f8   0x080057f8   0x00000022   Code   RO         1512    .text.USBD_LL_CloseEP  usbd_conf.o
    0x0800581a   0x0800581a   0x00000002   PAD
    0x0800581c   0x0800581c   0x000000ba   Code   RO         1570    .text.USBD_LL_DataInStage  usbd_core.o
    0x080058d6   0x080058d6   0x00000002   PAD
    0x080058d8   0x080058d8   0x0000007c   Code   RO         1564    .text.USBD_LL_DataOutStage  usbd_core.o
    0x08005954   0x08005954   0x00000004   Code   RO         1586    .text.USBD_LL_DevConnected  usbd_core.o
    0x08005958   0x08005958   0x00000022   Code   RO         1588    .text.USBD_LL_DevDisconnected  usbd_core.o
    0x0800597a   0x0800597a   0x00000002   PAD
    0x0800597c   0x0800597c   0x00000008   Code   RO         1528    .text.USBD_LL_GetRxDataSize  usbd_conf.o
    0x08005984   0x08005984   0x0000006e   Code   RO         1500    .text.USBD_LL_Init  usbd_conf.o
    0x080059f2   0x080059f2   0x00000002   PAD
    0x080059f4   0x080059f4   0x0000002a   Code   RO         1520    .text.USBD_LL_IsStallEP  usbd_conf.o
    0x08005a1e   0x08005a1e   0x00000002   PAD
    0x08005a20   0x08005a20   0x0000002c   Code   RO         1582    .text.USBD_LL_IsoINIncomplete  usbd_core.o
    0x08005a4c   0x08005a4c   0x0000002c   Code   RO         1584    .text.USBD_LL_IsoOUTIncomplete  usbd_core.o
    0x08005a78   0x08005a78   0x00000028   Code   RO         1510    .text.USBD_LL_OpenEP  usbd_conf.o
    0x08005aa0   0x08005aa0   0x00000022   Code   RO         1526    .text.USBD_LL_PrepareReceive  usbd_conf.o
    0x08005ac2   0x08005ac2   0x00000002   PAD
    0x08005ac4   0x08005ac4   0x00000062   Code   RO         1572    .text.USBD_LL_Reset  usbd_core.o
    0x08005b26   0x08005b26   0x00000002   PAD
    0x08005b28   0x08005b28   0x00000014   Code   RO         1578    .text.USBD_LL_Resume  usbd_core.o
    0x08005b3c   0x08005b3c   0x0000001e   Code   RO         1580    .text.USBD_LL_SOF   usbd_core.o
    0x08005b5a   0x08005b5a   0x00000002   PAD
    0x08005b5c   0x08005b5c   0x00000008   Code   RO         1574    .text.USBD_LL_SetSpeed  usbd_core.o
    0x08005b64   0x08005b64   0x00000022   Code   RO         1522    .text.USBD_LL_SetUSBAddress  usbd_conf.o
    0x08005b86   0x08005b86   0x00000002   PAD
    0x08005b88   0x08005b88   0x00000062   Code   RO         1562    .text.USBD_LL_SetupStage  usbd_core.o
    0x08005bea   0x08005bea   0x00000002   PAD
    0x08005bec   0x08005bec   0x00000022   Code   RO         1516    .text.USBD_LL_StallEP  usbd_conf.o
    0x08005c0e   0x08005c0e   0x00000002   PAD
    0x08005c10   0x08005c10   0x00000022   Code   RO         1506    .text.USBD_LL_Start  usbd_conf.o
    0x08005c32   0x08005c32   0x00000002   PAD
    0x08005c34   0x08005c34   0x0000001c   Code   RO         1576    .text.USBD_LL_Suspend  usbd_core.o
    0x08005c50   0x08005c50   0x00000022   Code   RO         1524    .text.USBD_LL_Transmit  usbd_conf.o
    0x08005c72   0x08005c72   0x00000002   PAD
    0x08005c74   0x08005c74   0x00000016   Code   RO         1610    .text.USBD_ParseSetupRequest  usbd_ctlreq.o
    0x08005c8a   0x08005c8a   0x00000002   PAD
    0x08005c8c   0x08005c8c   0x00000042   Code   RO         1550    .text.USBD_RegisterClass  usbd_core.o
    0x08005cce   0x08005cce   0x00000002   PAD
    0x08005cd0   0x08005cd0   0x00000010   Code   RO         1558    .text.USBD_SetClassConfig  usbd_core.o
    0x08005ce0   0x08005ce0   0x00000004   Code   RO         1552    .text.USBD_Start    usbd_core.o
    0x08005ce4   0x08005ce4   0x00000378   Code   RO         1602    .text.USBD_StdDevReq  usbd_ctlreq.o
    0x0800605c   0x0800605c   0x0000015c   Code   RO         1608    .text.USBD_StdEPReq  usbd_ctlreq.o
    0x080061b8   0x080061b8   0x00000070   Code   RO         1606    .text.USBD_StdItfReq  usbd_ctlreq.o
    0x08006228   0x08006228   0x00000002   Code   RO         1532    .text.USBD_static_free  usbd_conf.o
    0x0800622a   0x0800622a   0x00000002   PAD
    0x0800622c   0x0800622c   0x0000000a   Code   RO         1530    .text.USBD_static_malloc  usbd_conf.o
    0x08006236   0x08006236   0x00000002   PAD
    0x08006238   0x08006238   0x00000082   Code   RO          253    .text.USB_ActivateEndpoint  stm32f4xx_ll_usb.o
    0x080062ba   0x080062ba   0x00000002   PAD
    0x080062bc   0x080062bc   0x00000020   Code   RO          295    .text.USB_ActivateSetup  stm32f4xx_ll_usb.o
    0x080062dc   0x080062dc   0x00000276   Code   RO          231    .text.USB_CoreInit  stm32f4xx_ll_usb.o
    0x08006552   0x08006552   0x00000002   PAD
    0x08006554   0x08006554   0x00000082   Code   RO          257    .text.USB_DeactivateEndpoint  stm32f4xx_ll_usb.o
    0x080065d6   0x080065d6   0x00000002   PAD
    0x080065d8   0x080065d8   0x0000001e   Code   RO          277    .text.USB_DevConnect  stm32f4xx_ll_usb.o
    0x080065f6   0x080065f6   0x00000002   PAD
    0x080065f8   0x080065f8   0x0000001e   Code   RO          279    .text.USB_DevDisconnect  stm32f4xx_ll_usb.o
    0x08006616   0x08006616   0x00000002   PAD
    0x08006618   0x08006618   0x000004b6   Code   RO          243    .text.USB_DevInit   stm32f4xx_ll_usb.o
    0x08006ace   0x08006ace   0x00000002   PAD
    0x08006ad0   0x08006ad0   0x0000000e   Code   RO          237    .text.USB_DisableGlobalInt  stm32f4xx_ll_usb.o
    0x08006ade   0x08006ade   0x00000002   PAD
    0x08006ae0   0x08006ae0   0x0000005a   Code   RO          297    .text.USB_EP0_OutStart  stm32f4xx_ll_usb.o
    0x08006b3a   0x08006b3a   0x00000002   PAD
    0x08006b3c   0x08006b3c   0x00000052   Code   RO          271    .text.USB_EPClearStall  stm32f4xx_ll_usb.o
    0x08006b8e   0x08006b8e   0x00000002   PAD
    0x08006b90   0x08006b90   0x0000003e   Code   RO          269    .text.USB_EPSetStall  stm32f4xx_ll_usb.o
    0x08006bce   0x08006bce   0x00000002   PAD
    0x08006bd0   0x08006bd0   0x0000023a   Code   RO          261    .text.USB_EPStartXfer  stm32f4xx_ll_usb.o
    0x08006e0a   0x08006e0a   0x00000002   PAD
    0x08006e0c   0x08006e0c   0x0000010e   Code   RO          265    .text.USB_EPStopXfer  stm32f4xx_ll_usb.o
    0x08006f1a   0x08006f1a   0x00000002   PAD
    0x08006f1c   0x08006f1c   0x0000000e   Code   RO          235    .text.USB_EnableGlobalInt  stm32f4xx_ll_usb.o
    0x08006f2a   0x08006f2a   0x00000002   PAD
    0x08006f2c   0x08006f2c   0x000000be   Code   RO          247    .text.USB_FlushTxFifo  stm32f4xx_ll_usb.o
    0x08006fea   0x08006fea   0x00000002   PAD
    0x08006fec   0x08006fec   0x0000001a   Code   RO          251    .text.USB_GetDevSpeed  stm32f4xx_ll_usb.o
    0x08007006   0x08007006   0x00000002   PAD
    0x08007008   0x08007008   0x00000008   Code   RO          241    .text.USB_GetMode   stm32f4xx_ll_usb.o
    0x08007010   0x08007010   0x0000000e   Code   RO          287    .text.USB_ReadDevAllInEpInterrupt  stm32f4xx_ll_usb.o
    0x0800701e   0x0800701e   0x00000002   PAD
    0x08007020   0x08007020   0x0000000e   Code   RO          285    .text.USB_ReadDevAllOutEpInterrupt  stm32f4xx_ll_usb.o
    0x0800702e   0x0800702e   0x00000002   PAD
    0x08007030   0x08007030   0x00000024   Code   RO          291    .text.USB_ReadDevInEPInterrupt  stm32f4xx_ll_usb.o
    0x08007054   0x08007054   0x00000010   Code   RO          289    .text.USB_ReadDevOutEPInterrupt  stm32f4xx_ll_usb.o
    0x08007064   0x08007064   0x00000008   Code   RO          281    .text.USB_ReadInterrupts  stm32f4xx_ll_usb.o
    0x0800706c   0x0800706c   0x000000aa   Code   RO          267    .text.USB_ReadPacket  stm32f4xx_ll_usb.o
    0x08007116   0x08007116   0x00000002   PAD
    0x08007118   0x08007118   0x00000368   Code   RO          239    .text.USB_SetCurrentMode  stm32f4xx_ll_usb.o
    0x08007480   0x08007480   0x00000022   Code   RO          275    .text.USB_SetDevAddress  stm32f4xx_ll_usb.o
    0x080074a2   0x080074a2   0x00000002   PAD
    0x080074a4   0x080074a4   0x00000118   Code   RO          233    .text.USB_SetTurnaroundTime  stm32f4xx_ll_usb.o
    0x080075bc   0x080075bc   0x0000006a   Code   RO          263    .text.USB_WritePacket  stm32f4xx_ll_usb.o
    0x08007626   0x08007626   0x00000002   PAD
    0x08007628   0x08007628   0x00000002   Code   RO           94    .text.UsageFault_Handler  stm32f4xx_it.o
    0x0800762a   0x0800762a   0x00000002   PAD
    0x0800762c   0x0800762c   0x00000138   Code   RO           11    .text.main          main.o
    0x08007764   0x08007764   0x00000034   Code   RO         1944    i.__0snprintf       mc_w.l(printfa.o)
    0x08007798   0x08007798   0x00000026   Code   RO         1973    i.__ARM_fpclassifyf  m_wm.l(fpclassifyf.o)
    0x080077be   0x080077be   0x00000002   PAD
    0x080077c0   0x080077c0   0x00000150   Code   RO         1685    i.__hardfp_cosf     m_wm.l(cosf.o)
    0x08007910   0x08007910   0x000000b0   Code   RO         1691    i.__hardfp_fmodf    m_wm.l(fmodf.o)
    0x080079c0   0x080079c0   0x00000190   Code   RO         1697    i.__hardfp_sinf     m_wm.l(sinf.o)
    0x08007b50   0x08007b50   0x00000006   Code   RO         1976    i.__mathlib_flt_infnan  m_wm.l(funder.o)
    0x08007b56   0x08007b56   0x00000002   PAD
    0x08007b58   0x08007b58   0x00000010   Code   RO         1978    i.__mathlib_flt_invalid  m_wm.l(funder.o)
    0x08007b68   0x08007b68   0x00000010   Code   RO         1981    i.__mathlib_flt_underflow  m_wm.l(funder.o)
    0x08007b78   0x08007b78   0x00000154   Code   RO         1989    i.__mathlib_rredf2  m_wm.l(rredf.o)
    0x08007ccc   0x08007ccc   0x0000000e   Code   RO         2058    i.__scatterload_copy  mc_w.l(handlers.o)
    0x08007cda   0x08007cda   0x00000002   Code   RO         2059    i.__scatterload_null  mc_w.l(handlers.o)
    0x08007cdc   0x08007cdc   0x0000000e   Code   RO         2060    i.__scatterload_zeroinit  mc_w.l(handlers.o)
    0x08007cea   0x08007cea   0x00000002   PAD
    0x08007cec   0x08007cec   0x0000000c   Code   RO         2028    i.__set_errno       mc_w.l(errno.o)
    0x08007cf8   0x08007cf8   0x00000184   Code   RO         1950    i._fp_digits        mc_w.l(printfa.o)
    0x08007e7c   0x08007e7c   0x000006dc   Code   RO         1951    i._printf_core      mc_w.l(printfa.o)
    0x08008558   0x08008558   0x00000024   Code   RO         1952    i._printf_post_padding  mc_w.l(printfa.o)
    0x0800857c   0x0800857c   0x0000002e   Code   RO         1953    i._printf_pre_padding  mc_w.l(printfa.o)
    0x080085aa   0x080085aa   0x00000016   Code   RO         1954    i._snputc           mc_w.l(printfa.o)
    0x080085c0   0x080085c0   0x00000020   Data   RO         1990    .constdata          m_wm.l(rredf.o)
    0x080085e0   0x080085e0   0x00000010   Data   RO         1254    .rodata.AHBPrescTable  system_stm32f4xx.o
    0x080085f0   0x080085f0   0x00000030   Data   RO         1150    .rodata.cst16       stm32f4xx_hal_tim.o
    0x08008620   0x08008620   0x00000020   Data   RO         1354    .rodata.cst32       hall.o
    0x08008640   0x08008640   0x00000020   Data   RO         2057    Region$$Table       anon$$obj.o


    Execution Region RW_IRAM1 (Exec base: 0x20000000, Load base: 0x08008660, Size: 0x00002398, Max: 0x0001c000, ABSOLUTE)

    Exec Addr    Load Addr    Size         Type   Attr      Idx    E Section Name        Object

    0x20000000   0x08008660   0x00000004   Data   RW         2029    .data               mc_w.l(errno.o)
    0x20000004   0x08008664   0x00000008   Data   RW          685    .data..L_MergedGlobals  stm32f4xx_hal.o
    0x2000000c   0x0800866c   0x0000000c   Data   RW         1405    .data..L_MergedGlobals  current.o
    0x20000018   0x08008678   0x0000001c   Data   RW         1438    .data.FS_Desc       usbd_desc.o
    0x20000034   0x08008694   0x00000004   Data   RW         1253    .data.SystemCoreClock  system_stm32f4xx.o
    0x20000038   0x08008698   0x00000038   Data   RW         1675    .data.USBD_CDC      usbd_cdc.o
    0x20000070   0x080086d0   0x00000043   Data   RW         1677    .data.USBD_CDC_CfgDesc  usbd_cdc.o
    0x200000b3   0x08008713   0x00000001   PAD
    0x200000b4   0x08008714   0x0000000a   Data   RW         1676    .data.USBD_CDC_DeviceQualifierDesc  usbd_cdc.o
    0x200000be   0x0800871e   0x00000002   PAD
    0x200000c0   0x08008720   0x00000012   Data   RW         1439    .data.USBD_FS_DeviceDesc  usbd_desc.o
    0x200000d2   0x08008732   0x00000002   PAD
    0x200000d4   0x08008734   0x00000014   Data   RW         1463    .data.USBD_Interface_fops_FS  usbd_cdc_if.o
    0x200000e8   0x08008748   0x00000004   Data   RW         1440    .data.USBD_LangIDDesc  usbd_desc.o
    0x200000ec   0x0800874c   0x0000001a   Data   RW         1441    .data.USBD_StringSerial  usbd_desc.o
    0x20000106   0x08008766   0x00000002   PAD
    0x20000108        -       0x00000028   Zero   RW         1279    .bss..L_MergedGlobals  foc.o
    0x20000130        -       0x0000000c   Zero   RW         1322    .bss..L_MergedGlobals  pll_observer.o
    0x2000013c        -       0x0000001c   Zero   RW         1355    .bss..L_MergedGlobals  hall.o
    0x20000158        -       0x00000078   Zero   RW         1371    .bss..L_MergedGlobals  interrupt.o
    0x200001d0        -       0x0000000c   Zero   RW         1384    .bss..L_MergedGlobals  pwm.o
    0x200001dc        -       0x00000014   Zero   RW         1406    .bss..L_MergedGlobals.1  current.o
    0x200001f0        -       0x00000001   Zero   RW         1614    .bss.USBD_SetConfig.cfgidx  usbd_ctlreq.o
    0x200001f1   0x08008766   0x00000003   PAD
    0x200001f4        -       0x00000200   Zero   RW         1442    .bss.USBD_StrDesc   usbd_desc.o
    0x200003f4        -       0x00000220   Zero   RW         1537    .bss.USBD_static_malloc.mem  usbd_conf.o
    0x20000614        -       0x00000800   Zero   RW         1464    .bss.UserRxBufferFS  usbd_cdc_if.o
    0x20000e14        -       0x00000800   Zero   RW         1465    .bss.UserTxBufferFS  usbd_cdc_if.o
    0x20001614        -       0x000002dc   Zero   RW         1417    .bss.hUsbDeviceFS   usb_device.o
    0x200018f0        -       0x00000048   Zero   RW           42    .bss.hadc1          adc.o
    0x20001938        -       0x000004e4   Zero   RW         1536    .bss.hpcd_USB_OTG_FS  usbd_conf.o
    0x20001e1c        -       0x00000058   Zero   RW           57    .bss.hspi3          spi.o
    0x20001e74        -       0x00000048   Zero   RW           76    .bss.htim1          tim.o
    0x20001ebc        -       0x00000048   Zero   RW           77    .bss.htim2          tim.o
    0x20001f04        -       0x00000018   Zero   RW         1370    .bss.iq_pid         interrupt.o
    0x20001f1c        -       0x00000008   Zero   RW         1277    .bss.transform_clark  foc.o
    0x20001f24        -       0x00000008   Zero   RW         1278    .bss.transform_park  foc.o
    0x20001f2c        -       0x00000060   Zero   RW           17    .bss.usb_buf        main.o
    0x20001f8c        -       0x00000004   Zero   RW          684    .bss.uwTick         stm32f4xx_hal.o
    0x20001f90        -       0x00000004   Zero   RW         1274    .bss.zero_electric_angle  foc.o
    0x20001f94   0x08008766   0x00000004   PAD
    0x20001f98        -       0x00000400   Zero   RW            1    STACK               startup_stm32f405xx.o


    Execution Region RW_IRAM2 (Exec base: 0x2001c000, Load base: 0x08008768, Size: 0x00000000, Max: 0x00004000, ABSOLUTE)

    **** No section assigned to this execution region ****


==============================================================================

Image component sizes


      Code (inc. data)   RO Data    RW Data    ZI Data      Debug   Object Name

       362          0          0          0         72       7499   adc.o
       278         16          0         12         20       5373   current.o
        16          0          0          0          0       1434   drv8301.o
       688         20          0          0         60       3979   foc.o
       202          0          0          0          0       3987   gpio.o
       596         36         32          0         28       4640   hall.o
       746         36          0          0        144       6908   interrupt.o
        40          0          0          0          0        881   lowpass_filter.o
       490         44          0          0         96       4083   main.o
       172          4          0          0          0       1309   pid.o
       610         40          0          0         12       1664   pll_observer.o
       258          8          0          0         12       4224   pwm.o
       212          0          0          0         88       6905   spi.o
        36          8        392          0       1024        840   startup_stm32f405xx.o
       204          0          0          8          4       7261   stm32f4xx_hal.o
       980          0          0          0          0      12267   stm32f4xx_hal_adc.o
       664          0          0          0          0      10069   stm32f4xx_hal_adc_ex.o
       196          0          0          0          0      10679   stm32f4xx_hal_cortex.o
        36          0          0          0          0      10579   stm32f4xx_hal_dma.o
       458          0          0          0          0       5441   stm32f4xx_hal_gpio.o
        56          0          0          0          0       1460   stm32f4xx_hal_msp.o
      3568          0          0          0          0      17431   stm32f4xx_hal_pcd.o
       216          0          0          0          0       4758   stm32f4xx_hal_pcd_ex.o
      1420          4          0          0          0       7640   stm32f4xx_hal_rcc.o
       492          0          0          0          0      26236   stm32f4xx_hal_spi.o
      3096         10         48          0          0      58492   stm32f4xx_hal_tim.o
       520          0          0          0          0      21939   stm32f4xx_hal_tim_ex.o
       184          0          0          0          0       9695   stm32f4xx_it.o
      5064          0          0          0          0      37529   stm32f4xx_ll_usb.o
        18          0         16          4          0       2602   system_stm32f4xx.o
       774          0          0          0        144       9616   tim.o
       114          0          0          0        732       3214   usb_device.o
      1230         12          0        133          0      11550   usbd_cdc.o
       152          0          0         20       4096       3021   usbd_cdc_if.o
       784          0          0          0       1796      18319   usbd_conf.o
      1004          0          0          0          0      11168   usbd_core.o
      1646         32          0          0          1      11220   usbd_ctlreq.o
       564         72          0         76        512       4119   usbd_desc.o
       134          0          0          0          0       4745   usbd_ioreq.o

    ----------------------------------------------------------------------
     28532        342        520        260       8848     374776   Object Totals
         0          0         32          0          0          0   (incl. Generated)
       252          0          0          7          7          0   (incl. Padding)

    ----------------------------------------------------------------------

      Code (inc. data)   RO Data    RW Data    ZI Data      Debug   Library Member Name

       336         56          0          0          0        136   cosf.o
       176          0          0          0          0        168   fmodf.o
        38          0          0          0          0        116   fpclassifyf.o
        38         12          0          0          0        348   funder.o
       340         24         32          0          0        160   rredf.o
       400         56          0          0          0        212   sinf.o
         0          0          0          0          0          0   entry.o
         0          0          0          0          0          0   entry10a.o
         0          0          0          0          0          0   entry11a.o
         8          4          0          0          0          0   entry2.o
         4          0          0          0          0          0   entry5.o
         0          0          0          0          0          0   entry7b.o
         0          0          0          0          0          0   entry8b.o
         8          4          0          0          0          0   entry9a.o
        12          6          0          4          0         68   errno.o
        30          0          0          0          0          0   handlers.o
        48         10          0          0          0         68   init.o
         0          0          0          0          0          0   iusefp.o
        30          0          0          0          0         68   llshl.o
        36          0          0          0          0         68   llsshr.o
        32          0          0          0          0         68   llushr.o
        36          0          0          0          0        108   memseta.o
      2300         84          0          0          0        524   printfa.o
        44          0          0          0          0         80   uidiv.o
        98          0          0          0          0         92   uldiv.o
        48          0          0          0          0         68   cdrcmple.o
       334          0          0          0          0        148   dadd.o
       222          0          0          0          0        100   ddiv.o
       186          0          0          0          0        176   depilogue.o
        48          0          0          0          0         68   dfixul.o
       228          0          0          0          0         96   dmul.o
        38          0          0          0          0         68   f2d.o
       110          0          0          0          0        168   fepilogue.o
        82          0          0          0          0         96   frem.o

    ----------------------------------------------------------------------
      5316        256         32          4          0       3272   Library Totals
         6          0          0          0          0          0   (incl. Padding)

    ----------------------------------------------------------------------

      Code (inc. data)   RO Data    RW Data    ZI Data      Debug   Library Name

      1328        148         32          0          0       1140   m_wm.l
      2686        108          0          4          0       1144   mc_w.l
      1296          0          0          0          0        988   mf_w.l

    ----------------------------------------------------------------------
      5316        256         32          4          0       3272   Library Totals

    ----------------------------------------------------------------------

==============================================================================


      Code (inc. data)   RO Data    RW Data    ZI Data      Debug   

     33848        598        552        264       8848     375772   Grand Totals
     33848        598        552        264       8848     375772   ELF Image Totals
     33848        598        552        264          0          0   ROM Totals

==============================================================================

    Total RO  Size (Code + RO Data)                34400 (  33.59kB)
    Total RW  Size (RW Data + ZI Data)              9112 (   8.90kB)
    Total ROM Size (Code + RO Data + RW Data)      34664 (  33.85kB)

==============================================================================

