<html>
<body>
<pre>
<h1>µVision Build Log</h1>
<h2>Tool Versions:</h2>
IDE-Version: ¦ÌVision V5.43.1.0
Copyright (C) 2025 ARM Ltd and ARM Germany GmbH. All rights reserved.
License Information: 1 minerva, 11, LIC=6XJT4-FRZPW-F14PT-RNVA0-IWFZ7-0V2RL
 
Tool Versions:
Toolchain:       MDK-ARM Professional  Version: 5.43.0.0
Toolchain Path:  D:\keil\core\ARM\ARMCLANG\Bin
C Compiler:      ArmClang.exe V6.24
Assembler:       Armasm.exe V6.24
Linker/Locator:  ArmLink.exe V6.24
Library Manager: ArmAr.exe V6.24
Hex Converter:   FromElf.exe V6.24
CPU DLL:         SARMCM3.DLL V5.43.0.0
Dialog DLL:      DCM.DLL V1.17.5.0
Target DLL:      STLink\ST-LINKIII-KEIL_SWO.dll V3.3.1.0
Dialog DLL:      TCM.DLL V1.56.6.0
 
<h2>Project:</h2>
D:\cubemx\project\keil\motorDriver_foc_F405RGT6\MDK-ARM\motorDriver_foc_F405RGT6.uvprojx
Project File Date:  06/22/2026

<h2>Output:</h2>
*** Using Compiler 'V6.24', folder: 'D:\keil\core\ARM\ARMCLANG\Bin'
Rebuild target 'motorDriver_foc_F405RGT6'
compiling spi.c...
compiling stm32f4xx_hal_pcd.c...
compiling stm32f4xx_hal_msp.c...
compiling stm32f4xx_hal_pcd_ex.c...
compiling tim.c...
compiling stm32f4xx_it.c...
compiling gpio.c...
compiling main.c...
assembling startup_stm32f405xx.s...
compiling adc.c...
compiling stm32f4xx_hal_rcc_ex.c...
compiling stm32f4xx_hal_rcc.c...
compiling stm32f4xx_hal_flash.c...
compiling stm32f4xx_hal_flash_ex.c...
compiling stm32f4xx_hal_flash_ramfunc.c...
compiling stm32f4xx_hal_pwr_ex.c...
compiling stm32f4xx_hal_pwr.c...
compiling stm32f4xx_hal_gpio.c...
compiling stm32f4xx_hal_dma_ex.c...
compiling stm32f4xx_ll_usb.c...
compiling stm32f4xx_hal_dma.c...
compiling stm32f4xx_hal.c...
compiling stm32f4xx_hal_exti.c...
compiling stm32f4xx_hal_cortex.c...
compiling pid.c...
compiling stm32f4xx_hal_adc_ex.c...
compiling system_stm32f4xx.c...
compiling foc.c...
compiling stm32f4xx_hal_adc.c...
compiling lowpass_filter.c...
compiling pll_observer.c...
compiling drv8301.c...
compiling stm32f4xx_hal_tim_ex.c...
compiling stm32f4xx_hal_spi.c...
compiling pwm.c...
compiling interrupt.c...
compiling hall.c...
compiling current.c...
compiling usb_device.c...
compiling usbd_desc.c...
compiling usbd_cdc_if.c...
compiling usbd_conf.c...
compiling usbd_core.c...
compiling usbd_ioreq.c...
compiling stm32f4xx_hal_tim.c...
compiling usbd_cdc.c...
compiling usbd_ctlreq.c...
linking...
Program Size: Code=33848 RO-data=552 RW-data=264 ZI-data=8848  
FromELF: creating hex file...
"motorDriver_foc_F405RGT6\motorDriver_foc_F405RGT6.axf" - 0 Error(s), 0 Warning(s).

<h2>Software Packages used:</h2>

Package Vendor: ARM
                https://www.keil.com/pack/ARM.CMSIS.6.2.0.pack
                ARM::CMSIS@6.2.0
                CMSIS (Common Microcontroller Software Interface Standard)
   * Component: CORE Version: 6.1.1

Package Vendor: Keil
                https://www.keil.com/pack/Keil.STM32F4xx_DFP.3.1.1.pack
                Keil::STM32F4xx_DFP@3.1.1
                STMicroelectronics STM32F4 Series Device Support

<h2>Collection of Component include folders:</h2>
  ./RTE/_motorDriver_foc_F405RGT6
  D:/keil/pack/ARM/CMSIS/6.2.0/CMSIS/Core/Include

<h2>Collection of Component Files used:</h2>

   * Component: ARM::CMSIS:CORE@6.1.1
      Include file:  CMSIS/Core/Include/tz_context.h
Build Time Elapsed:  00:00:02
</pre>
</body>
</html>
